
===========================================================================
report_checks -unconstrained
===========================================================================
======================= min_ss_100C_1v60 Corner ===================================

Startpoint: _1629_ (rising edge-triggered flip-flop clocked by CLK_10MHZ)
Endpoint: _1631_ (rising edge-triggered flip-flop clocked by CLK_10MHZ)
Path Group: CLK_10MHZ
Path Type: max

Fanout         Cap        Slew       Delay        Time   Description
---------------------------------------------------------------------------------------------
                                  0.000000    0.000000   clock CLK_10MHZ (rise edge)
                                  0.000000    0.000000   clock source latency
     1    0.020643    0.154473    0.105571    0.105571 ^ CLK_10MHZ (in)
                                                         CLK_10MHZ (net)
                      0.154484    0.000000    0.105571 ^ clkbuf_0_CLK_10MHZ/A (sky130_fd_sc_hd__clkbuf_16)
     8    0.080622    0.149200    0.333083    0.438653 ^ clkbuf_0_CLK_10MHZ/X (sky130_fd_sc_hd__clkbuf_16)
                                                         clknet_0_CLK_10MHZ (net)
                      0.149201    0.000839    0.439493 ^ clkbuf_3_5__f_CLK_10MHZ/A (sky130_fd_sc_hd__clkbuf_16)
    10    0.037688    0.091129    0.283057    0.722550 ^ clkbuf_3_5__f_CLK_10MHZ/X (sky130_fd_sc_hd__clkbuf_16)
                                                         clknet_3_5__leaf_CLK_10MHZ (net)
                      0.091129    0.000294    0.722844 ^ _1629_/CLK (sky130_fd_sc_hd__dfxtp_1)
     2    0.005860    0.108941    0.667483    1.390327 ^ _1629_/Q (sky130_fd_sc_hd__dfxtp_1)
                                                         clock_div.cycles[16] (net)
                      0.108941    0.000058    1.390385 ^ fanout46/A (sky130_fd_sc_hd__clkbuf_2)
    10    0.030989    0.267956    0.352209    1.742594 ^ fanout46/X (sky130_fd_sc_hd__clkbuf_2)
                                                         net46 (net)
                      0.267956    0.000630    1.743224 ^ _0950_/A_N (sky130_fd_sc_hd__and3b_1)
     1    0.002776    0.072073    0.425979    2.169204 v _0950_/X (sky130_fd_sc_hd__and3b_1)
                                                         _0189_ (net)
                      0.072073    0.000016    2.169220 v _0952_/A2 (sky130_fd_sc_hd__a221o_1)
     5    0.013987    0.191523    0.755129    2.924349 v _0952_/X (sky130_fd_sc_hd__a221o_1)
                                                         _0191_ (net)
                      0.191523    0.000173    2.924522 v _0953_/A2 (sky130_fd_sc_hd__a21o_1)
     5    0.018873    0.181633    0.485552    3.410074 v _0953_/X (sky130_fd_sc_hd__a21o_1)
                                                         _0192_ (net)
                      0.181633    0.000416    3.410491 v _0955_/A4 (sky130_fd_sc_hd__a41o_1)
     4    0.016374    0.174891    0.572959    3.983450 v _0955_/X (sky130_fd_sc_hd__a41o_1)
                                                         _0194_ (net)
                      0.174891    0.000098    3.983548 v fanout37/A (sky130_fd_sc_hd__clkbuf_2)
    10    0.029867    0.212205    0.365045    4.348593 v fanout37/X (sky130_fd_sc_hd__clkbuf_2)
                                                         net37 (net)
                      0.212205    0.000743    4.349336 v _0970_/B (sky130_fd_sc_hd__and3_1)
     3    0.010189    0.131356    0.466906    4.816242 v _0970_/X (sky130_fd_sc_hd__and3_1)
                                                         _0209_ (net)
                      0.131356    0.000075    4.816317 v _0985_/B1 (sky130_fd_sc_hd__a2111o_1)
     1    0.002242    0.103863    0.741597    5.557913 v _0985_/X (sky130_fd_sc_hd__a2111o_1)
                                                         _0224_ (net)
                      0.103863    0.000022    5.557936 v _0993_/B (sky130_fd_sc_hd__or4_1)
     2    0.009647    0.258879    1.306817    6.864752 v _0993_/X (sky130_fd_sc_hd__or4_1)
                                                         _0232_ (net)
                      0.258879    0.000177    6.864929 v _1014_/A2 (sky130_fd_sc_hd__a2111o_4)
    10    0.040098    0.206675    1.117243    7.982172 v _1014_/X (sky130_fd_sc_hd__a2111o_4)
                                                         _0253_ (net)
                      0.206675    0.000487    7.982659 v _1017_/A (sky130_fd_sc_hd__and2_2)
     5    0.031498    0.181921    0.543598    8.526258 v _1017_/X (sky130_fd_sc_hd__and2_2)
                                                         _0256_ (net)
                      0.181921    0.000528    8.526786 v _1037_/B (sky130_fd_sc_hd__or3_2)
     2    0.014673    0.235015    1.214165    9.740951 v _1037_/X (sky130_fd_sc_hd__or3_2)
                                                         _0276_ (net)
                      0.235015    0.000217    9.741167 v _1038_/B (sky130_fd_sc_hd__xnor2_2)
     2    0.012960    0.174259    0.362006   10.103173 v _1038_/Y (sky130_fd_sc_hd__xnor2_2)
                                                         _0277_ (net)
                      0.174259    0.000108   10.103281 v _1053_/A1 (sky130_fd_sc_hd__o21a_1)
     2    0.005633    0.089990    0.404300   10.507581 v _1053_/X (sky130_fd_sc_hd__o21a_1)
                                                         _0292_ (net)
                      0.089990    0.000036   10.507616 v _1067_/A2 (sky130_fd_sc_hd__a311o_1)
     2    0.007202    0.133599    0.637471   11.145087 v _1067_/X (sky130_fd_sc_hd__a311o_1)
                                                         _0306_ (net)
                      0.133599    0.000096   11.145183 v _1076_/A1 (sky130_fd_sc_hd__a21bo_1)
     3    0.014390    0.150058    0.424293   11.569476 v _1076_/X (sky130_fd_sc_hd__a21bo_1)
                                                         _0315_ (net)
                      0.150058    0.000086   11.569563 v fanout27/A (sky130_fd_sc_hd__buf_2)
    10    0.034055    0.165047    0.382433   11.951995 v fanout27/X (sky130_fd_sc_hd__buf_2)
                                                         net27 (net)
                      0.165047    0.000127   11.952123 v _1089_/A2_N (sky130_fd_sc_hd__o2bb2a_1)
     2    0.004414    0.101248    0.501113   12.453236 ^ _1089_/X (sky130_fd_sc_hd__o2bb2a_1)
                                                         _0328_ (net)
                      0.101248    0.000037   12.453273 ^ _1095_/A_N (sky130_fd_sc_hd__and2b_1)
     1    0.001801    0.057988    0.355237   12.808509 v _1095_/X (sky130_fd_sc_hd__and2b_1)
                                                         _0334_ (net)
                      0.057988    0.000017   12.808526 v _1096_/B (sky130_fd_sc_hd__or2_2)
     4    0.030605    0.235933    0.792597   13.601123 v _1096_/X (sky130_fd_sc_hd__or2_2)
                                                         _0335_ (net)
                      0.235934    0.001076   13.602200 v _1131_/C (sky130_fd_sc_hd__or4b_1)
     1    0.003164    0.185953    1.154966   14.757166 v _1131_/X (sky130_fd_sc_hd__or4b_1)
                                                         _0370_ (net)
                      0.185953    0.000035   14.757200 v _1132_/B1 (sky130_fd_sc_hd__a21o_1)
     4    0.022574    0.210314    0.464931   15.222132 v _1132_/X (sky130_fd_sc_hd__a21o_1)
                                                         _0371_ (net)
                      0.210314    0.000629   15.222760 v _1133_/C (sky130_fd_sc_hd__and3_1)
     4    0.017861    0.189979    0.551546   15.774306 v _1133_/X (sky130_fd_sc_hd__and3_1)
                                                         _0372_ (net)
                      0.189979    0.000268   15.774575 v fanout26/A (sky130_fd_sc_hd__clkbuf_4)
    10    0.040471    0.158707    0.397240   16.171814 v fanout26/X (sky130_fd_sc_hd__clkbuf_4)
                                                         net26 (net)
                      0.158707    0.000210   16.172024 v _1153_/B (sky130_fd_sc_hd__xor2_2)
     2    0.011978    0.148837    0.335234   16.507257 v _1153_/X (sky130_fd_sc_hd__xor2_2)
                                                         _0392_ (net)
                      0.148837    0.000043   16.507301 v _1158_/A (sky130_fd_sc_hd__or3_1)
     2    0.005191    0.162562    0.910713   17.418015 v _1158_/X (sky130_fd_sc_hd__or3_1)
                                                         _0397_ (net)
                      0.162562    0.000057   17.418072 v _1166_/A2 (sky130_fd_sc_hd__a31o_1)
     2    0.005237    0.086710    0.430379   17.848450 v _1166_/X (sky130_fd_sc_hd__a31o_1)
                                                         _0405_ (net)
                      0.086710    0.000069   17.848520 v _1172_/A1 (sky130_fd_sc_hd__a21o_1)
     2    0.004954    0.077696    0.311470   18.159990 v _1172_/X (sky130_fd_sc_hd__a21o_1)
                                                         _0411_ (net)
                      0.077696    0.000060   18.160049 v _1188_/A1 (sky130_fd_sc_hd__a211o_1)
     3    0.011634    0.164560    0.577366   18.737415 v _1188_/X (sky130_fd_sc_hd__a211o_1)
                                                         _0427_ (net)
                      0.164560    0.000030   18.737446 v fanout24/A (sky130_fd_sc_hd__clkbuf_4)
    10    0.037285    0.148567    0.377430   19.114876 v fanout24/X (sky130_fd_sc_hd__clkbuf_4)
                                                         net24 (net)
                      0.148567    0.000421   19.115297 v _1202_/A2 (sky130_fd_sc_hd__a211o_1)
     2    0.008397    0.134577    0.628221   19.743517 v _1202_/X (sky130_fd_sc_hd__a211o_1)
                                                         _0441_ (net)
                      0.134577    0.000091   19.743608 v _1203_/B (sky130_fd_sc_hd__xnor2_1)
     2    0.009578    0.418232    0.408788   20.152395 ^ _1203_/Y (sky130_fd_sc_hd__xnor2_1)
                                                         _0442_ (net)
                      0.418232    0.000117   20.152514 ^ _1208_/A (sky130_fd_sc_hd__nand2_1)
     2    0.003601    0.133843    0.224384   20.376898 v _1208_/Y (sky130_fd_sc_hd__nand2_1)
                                                         _0447_ (net)
                      0.133843    0.000036   20.376932 v _1238_/A (sky130_fd_sc_hd__or4_2)
     3    0.014571    0.301030    1.733536   22.110468 v _1238_/X (sky130_fd_sc_hd__or4_2)
                                                         _0477_ (net)
                      0.301030    0.000151   22.110620 v _1246_/A2 (sky130_fd_sc_hd__o2111a_1)
     4    0.020399    0.215698    0.647537   22.758158 v _1246_/X (sky130_fd_sc_hd__o2111a_1)
                                                         _0485_ (net)
                      0.215698    0.000288   22.758444 v fanout22/A (sky130_fd_sc_hd__clkbuf_2)
    10    0.029494    0.209810    0.382496   23.140940 v fanout22/X (sky130_fd_sc_hd__clkbuf_2)
                                                         net22 (net)
                      0.209810    0.000700   23.141640 v _1252_/D (sky130_fd_sc_hd__or4_1)
     2    0.004394    0.207403    1.037369   24.179010 v _1252_/X (sky130_fd_sc_hd__or4_1)
                                                         _0491_ (net)
                      0.207403    0.000018   24.179028 v _1254_/A (sky130_fd_sc_hd__and2_1)
     3    0.013264    0.149484    0.425535   24.604563 v _1254_/X (sky130_fd_sc_hd__and2_1)
                                                         _0493_ (net)
                      0.149484    0.000060   24.604624 v _1270_/A1 (sky130_fd_sc_hd__o311a_2)
     5    0.017906    0.166609    0.880126   25.484749 v _1270_/X (sky130_fd_sc_hd__o311a_2)
                                                         _0509_ (net)
                      0.166609    0.000330   25.485079 v _1296_/B (sky130_fd_sc_hd__or4b_1)
     2    0.006045    0.216335    1.265102   26.750181 v _1296_/X (sky130_fd_sc_hd__or4b_1)
                                                         _0535_ (net)
                      0.216335    0.000101   26.750282 v _1310_/A1 (sky130_fd_sc_hd__a21o_1)
     5    0.028145    0.253704    0.522867   27.273149 v _1310_/X (sky130_fd_sc_hd__a21o_1)
                                                         _0549_ (net)
                      0.253704    0.000325   27.273476 v fanout18/A (sky130_fd_sc_hd__buf_2)
    10    0.034069    0.165459    0.431927   27.705402 v fanout18/X (sky130_fd_sc_hd__buf_2)
                                                         net18 (net)
                      0.165461    0.000972   27.706373 v _1323_/A2 (sky130_fd_sc_hd__a211o_1)
     1    0.004787    0.104950    0.599350   28.305723 v _1323_/X (sky130_fd_sc_hd__a211o_1)
                                                         _0562_ (net)
                      0.104950    0.000044   28.305767 v _1324_/B (sky130_fd_sc_hd__xnor2_1)
     3    0.012279    0.494184    0.463171   28.768938 ^ _1324_/Y (sky130_fd_sc_hd__xnor2_1)
                                                         _0563_ (net)
                      0.494184    0.000146   28.769083 ^ _1325_/B (sky130_fd_sc_hd__or2_1)
     4    0.013891    0.223873    0.430523   29.199608 ^ _1325_/X (sky130_fd_sc_hd__or2_1)
                                                         _0564_ (net)
                      0.223873    0.000043   29.199650 ^ _1359_/A_N (sky130_fd_sc_hd__and2b_1)
     1    0.002673    0.067012    0.417334   29.616983 v _1359_/X (sky130_fd_sc_hd__and2b_1)
                                                         _0598_ (net)
                      0.067012    0.000014   29.616997 v _1360_/A3 (sky130_fd_sc_hd__a31o_1)
     3    0.008814    0.115379    0.435497   30.052494 v _1360_/X (sky130_fd_sc_hd__a31o_1)
                                                         _0599_ (net)
                      0.115379    0.000117   30.052612 v _1364_/A1 (sky130_fd_sc_hd__a21o_1)
     2    0.007918    0.099779    0.346347   30.398958 v _1364_/X (sky130_fd_sc_hd__a21o_1)
                                                         _0603_ (net)
                      0.099779    0.000092   30.399052 v fanout16/A (sky130_fd_sc_hd__buf_2)
    10    0.031533    0.155038    0.350070   30.749121 v fanout16/X (sky130_fd_sc_hd__buf_2)
                                                         net16 (net)
                      0.155039    0.000639   30.749762 v _1374_/C (sky130_fd_sc_hd__and3_1)
     3    0.008741    0.119064    0.455181   31.204941 v _1374_/X (sky130_fd_sc_hd__and3_1)
                                                         _0613_ (net)
                      0.119064    0.000075   31.205017 v _1380_/A (sky130_fd_sc_hd__or4_1)
     3    0.011413    0.282293    1.376389   32.581406 v _1380_/X (sky130_fd_sc_hd__or4_1)
                                                         _0619_ (net)
                      0.282293    0.000281   32.581684 v _1406_/C1 (sky130_fd_sc_hd__a2111o_1)
     3    0.011841    0.197301    0.852218   33.433903 v _1406_/X (sky130_fd_sc_hd__a2111o_1)
                                                         _0645_ (net)
                      0.197301    0.000330   33.434235 v _1415_/A1 (sky130_fd_sc_hd__a2111o_1)
     2    0.005481    0.139617    0.791328   34.225563 v _1415_/X (sky130_fd_sc_hd__a2111o_1)
                                                         _0654_ (net)
                      0.139617    0.000021   34.225582 v _1422_/A2 (sky130_fd_sc_hd__a31o_1)
     2    0.009278    0.119353    0.454150   34.679733 v _1422_/X (sky130_fd_sc_hd__a31o_1)
                                                         _0661_ (net)
                      0.119353    0.000139   34.679871 v fanout14/A (sky130_fd_sc_hd__buf_2)
    10    0.032433    0.158587    0.362451   35.042324 v fanout14/X (sky130_fd_sc_hd__buf_2)
                                                         net14 (net)
                      0.158587    0.000096   35.042419 v _1488_/D_N (sky130_fd_sc_hd__or4b_1)
     2    0.006778    0.119601    0.378932   35.421352 ^ _1488_/X (sky130_fd_sc_hd__or4b_1)
                                                         _0717_ (net)
                      0.119601    0.000021   35.421375 ^ _1493_/A2 (sky130_fd_sc_hd__a21oi_1)
     1    0.003062    0.116059    0.150976   35.572350 v _1493_/Y (sky130_fd_sc_hd__a21oi_1)
                                                         _0721_ (net)
                      0.116059    0.000021   35.572372 v _1494_/B1 (sky130_fd_sc_hd__a311o_1)
     1    0.008299    0.144527    0.667555   36.239925 v _1494_/X (sky130_fd_sc_hd__a311o_1)
                                                         _0722_ (net)
                      0.144527    0.000249   36.240173 v _1499_/A2 (sky130_fd_sc_hd__a32o_1)
     1    0.002465    0.068414    0.461835   36.702011 v _1499_/X (sky130_fd_sc_hd__a32o_1)
                                                         _0037_ (net)
                      0.068414    0.000028   36.702038 v _1631_/D (sky130_fd_sc_hd__dfxtp_1)
                                             36.702038   data arrival time

                                100.000000  100.000000   clock CLK_10MHZ (rise edge)
                                  0.000000  100.000000   clock source latency
     1    0.020643    0.154473    0.105572  100.105568 ^ CLK_10MHZ (in)
                                                         CLK_10MHZ (net)
                      0.154484    0.000000  100.105568 ^ clkbuf_0_CLK_10MHZ/A (sky130_fd_sc_hd__clkbuf_16)
     8    0.080622    0.149200    0.333081  100.438652 ^ clkbuf_0_CLK_10MHZ/X (sky130_fd_sc_hd__clkbuf_16)
                                                         clknet_0_CLK_10MHZ (net)
                      0.149201    0.000838  100.439491 ^ clkbuf_3_5__f_CLK_10MHZ/A (sky130_fd_sc_hd__clkbuf_16)
    10    0.037688    0.091129    0.283059  100.722549 ^ clkbuf_3_5__f_CLK_10MHZ/X (sky130_fd_sc_hd__clkbuf_16)
                                                         clknet_3_5__leaf_CLK_10MHZ (net)
                      0.091129    0.000298  100.722847 ^ _1631_/CLK (sky130_fd_sc_hd__dfxtp_1)
                                 -0.250000  100.472847   clock uncertainty
                                  0.000000  100.472847   clock reconvergence pessimism
                                 -0.262629  100.210220   library setup time
                                            100.210220   data required time
---------------------------------------------------------------------------------------------
                                            100.210220   data required time
                                            -36.702038   data arrival time
---------------------------------------------------------------------------------------------
                                             63.508183   slack (MET)




===========================================================================
report_checks --slack_max -0.01
============================================================================
======================= min_ss_100C_1v60 Corner ===================================

No paths found.


===========================================================================
 report_check_types -max_slew -max_cap -max_fanout -violators
============================================================================
======================= min_ss_100C_1v60 Corner ===================================

max fanout

Pin                                   Limit Fanout  Slack
---------------------------------------------------------
clkbuf_3_7__f_CLK_10MHZ/X                10     13     -3 (VIOLATED)
clkbuf_3_3__f_CLK_10MHZ/X                10     11        (VIOLATED)
clkbuf_3_6__f_CLK_10MHZ/X                10     11        (VIOLATED)



===========================================================================
report_parasitic_annotation -report_unannotated
============================================================================
Found 10 unannotated drivers.
 clkload0/Y
 clkload1/Y
 clkload2/Y
 clkload3/Y
 clkload4/Y
 clkload5/Y
 clkload6/Y
 intro_2_stopwatch_52/LO
 intro_2_stopwatch_53/LO
 intro_2_stopwatch_54/LO
Found 0 partially unannotated drivers.

===========================================================================
max slew violation count 0
max fanout violation count 3
max cap violation count 0
============================================================================

===========================================================================
check_setup -verbose -unconstrained_endpoints -multiple_clock -no_clock -no_input_delay -loops -generated_clocks
===========================================================================
Warning: There are 3 unconstrained endpoints.
  D0_AN_2
  D0_AN_3
  D0_SEG[7]
