
===========================================================================
 report_power
============================================================================
======================= min_ss_100C_1v60 Corner ===================================

Group                    Internal    Switching      Leakage        Total
                            Power        Power        Power        Power (Watts)
------------------------------------------------------------------------
Sequential           2.697521e-05 5.312175e-06 1.023609e-06 3.331100e-05  25.6%
Combinational        3.113483e-05 3.497686e-05 3.848144e-06 6.995984e-05  53.7%
Clock                1.785376e-05 8.945924e-06 2.457170e-07 2.704540e-05  20.8%
Macro                0.000000e+00 0.000000e+00 0.000000e+00 0.000000e+00   0.0%
Pad                  0.000000e+00 0.000000e+00 0.000000e+00 0.000000e+00   0.0%
------------------------------------------------------------------------
Total                7.596382e-05 4.923496e-05 5.117469e-06 1.303163e-04 100.0%
                            58.3%        37.8%         3.9%

