
===========================================================================
report_checks -unconstrained
===========================================================================
======================= min_tt_025C_1v80 Corner ===================================

Startpoint: nrst (input port clocked by clk)
Endpoint: _1335_ (recovery check against rising-edge clock clk)
Path Group: asynchronous
Path Type: max

Fanout         Cap        Slew       Delay        Time   Description
---------------------------------------------------------------------------------------------
                                  0.000000    0.000000   clock clk (rise edge)
                                  0.000000    0.000000   clock network delay (propagated)
                                  5.000000    5.000000 ^ input external delay
     1    0.002661    0.019140    0.009811    5.009811 ^ nrst (in)
                                                         nrst (net)
                      0.019140    0.000000    5.009811 ^ input2/A (sky130_fd_sc_hd__clkbuf_1)
     3    0.013907    0.169076    0.159275    5.169086 ^ input2/X (sky130_fd_sc_hd__clkbuf_1)
                                                         net2 (net)
                      0.169078    0.000526    5.169612 ^ fanout86/A (sky130_fd_sc_hd__clkbuf_4)
    10    0.063509    0.194061    0.289036    5.458648 ^ fanout86/X (sky130_fd_sc_hd__clkbuf_4)
                                                         net86 (net)
                      0.194061    0.000448    5.459096 ^ fanout85/A (sky130_fd_sc_hd__clkbuf_4)
    10    0.050703    0.158162    0.271614    5.730711 ^ fanout85/X (sky130_fd_sc_hd__clkbuf_4)
                                                         net85 (net)
                      0.158184    0.001875    5.732586 ^ _1335_/RESET_B (sky130_fd_sc_hd__dfrtp_2)
                                              5.732586   data arrival time

                                 25.000000   25.000000   clock clk (rise edge)
                                  0.000000   25.000000   clock source latency
     1    0.019482    0.093356    0.064007   25.064007 ^ clk (in)
                                                         clk (net)
                      0.093357    0.000000   25.064007 ^ clkbuf_0_clk/A (sky130_fd_sc_hd__clkbuf_16)
     4    0.038835    0.058775    0.158728   25.222734 ^ clkbuf_0_clk/X (sky130_fd_sc_hd__clkbuf_16)
                                                         clknet_0_clk (net)
                      0.058778    0.000414   25.223148 ^ clkbuf_2_2__f_clk/A (sky130_fd_sc_hd__clkbuf_16)
     9    0.038054    0.058062    0.145517   25.368666 ^ clkbuf_2_2__f_clk/X (sky130_fd_sc_hd__clkbuf_16)
                                                         clknet_2_2__leaf_clk (net)
                      0.058064    0.000377   25.369043 ^ _1335_/CLK (sky130_fd_sc_hd__dfrtp_2)
                                 -0.250000   25.119043   clock uncertainty
                                  0.000000   25.119043   clock reconvergence pessimism
                                  0.189495   25.308538   library recovery time
                                             25.308538   data required time
---------------------------------------------------------------------------------------------
                                             25.308538   data required time
                                             -5.732586   data arrival time
---------------------------------------------------------------------------------------------
                                             19.575953   slack (MET)


Startpoint: prescaler[9] (input port clocked by clk)
Endpoint: _1312_ (rising edge-triggered flip-flop clocked by clk)
Path Group: clk
Path Type: max

Fanout         Cap        Slew       Delay        Time   Description
---------------------------------------------------------------------------------------------
                                  0.000000    0.000000   clock clk (rise edge)
                                  0.000000    0.000000   clock network delay (propagated)
                                  5.000000    5.000000 ^ input external delay
     1    0.002720    0.019391    0.010017    5.010017 ^ prescaler[9] (in)
                                                         prescaler[9] (net)
                      0.019391    0.000000    5.010017 ^ input16/A (sky130_fd_sc_hd__buf_1)
     2    0.017246    0.206975    0.185612    5.195629 ^ input16/X (sky130_fd_sc_hd__buf_1)
                                                         net16 (net)
                      0.206975    0.000101    5.195729 ^ fanout87/A (sky130_fd_sc_hd__clkbuf_4)
    10    0.054417    0.168273    0.283042    5.478771 ^ fanout87/X (sky130_fd_sc_hd__clkbuf_4)
                                                         net87 (net)
                      0.168293    0.001947    5.480718 ^ _0681_/A (sky130_fd_sc_hd__xor2_2)
     3    0.013989    0.207476    0.223603    5.704321 ^ _0681_/X (sky130_fd_sc_hd__xor2_2)
                                                         _0057_ (net)
                      0.207476    0.000108    5.704430 ^ _0682_/B (sky130_fd_sc_hd__xnor2_2)
     2    0.012197    0.201368    0.164074    5.868504 ^ _0682_/Y (sky130_fd_sc_hd__xnor2_2)
                                                         _0058_ (net)
                      0.201368    0.000135    5.868639 ^ _0685_/B (sky130_fd_sc_hd__xor2_2)
     2    0.012075    0.187138    0.216460    6.085098 ^ _0685_/X (sky130_fd_sc_hd__xor2_2)
                                                         _0061_ (net)
                      0.187138    0.000076    6.085174 ^ _0686_/A3 (sky130_fd_sc_hd__a31o_1)
     2    0.008299    0.092257    0.204146    6.289320 ^ _0686_/X (sky130_fd_sc_hd__a31o_1)
                                                         _0062_ (net)
                      0.092257    0.000095    6.289414 ^ _0694_/A (sky130_fd_sc_hd__xor2_1)
     2    0.007665    0.204007    0.206632    6.496046 ^ _0694_/X (sky130_fd_sc_hd__xor2_1)
                                                         _0070_ (net)
                      0.204007    0.000067    6.496113 ^ _0852_/B (sky130_fd_sc_hd__xor2_1)
     2    0.008533    0.212336    0.239867    6.735981 ^ _0852_/X (sky130_fd_sc_hd__xor2_1)
                                                         _0228_ (net)
                      0.212336    0.000111    6.736092 ^ _0854_/B (sky130_fd_sc_hd__xor2_1)
     2    0.010851    0.254476    0.272058    7.008150 ^ _0854_/X (sky130_fd_sc_hd__xor2_1)
                                                         _0230_ (net)
                      0.254476    0.000129    7.008279 ^ _0855_/B (sky130_fd_sc_hd__xnor2_1)
     3    0.011055    0.277304    0.214503    7.222782 ^ _0855_/Y (sky130_fd_sc_hd__xnor2_1)
                                                         _0231_ (net)
                      0.277304    0.000120    7.222902 ^ _0858_/A (sky130_fd_sc_hd__xnor2_1)
     2    0.007580    0.094928    0.150032    7.372934 v _0858_/Y (sky130_fd_sc_hd__xnor2_1)
                                                         _0234_ (net)
                      0.094928    0.000079    7.373014 v _0863_/A (sky130_fd_sc_hd__nor2_1)
     2    0.012769    0.240338    0.237493    7.610507 ^ _0863_/Y (sky130_fd_sc_hd__nor2_1)
                                                         _0239_ (net)
                      0.240338    0.000131    7.610639 ^ _0869_/A4 (sky130_fd_sc_hd__a41oi_4)
     3    0.011279    0.113841    0.159915    7.770553 v _0869_/Y (sky130_fd_sc_hd__a41oi_4)
                                                         _0245_ (net)
                      0.113841    0.000282    7.770835 v _0902_/A2 (sky130_fd_sc_hd__a211o_1)
     2    0.007776    0.071638    0.340384    8.111218 v _0902_/X (sky130_fd_sc_hd__a211o_1)
                                                         _0278_ (net)
                      0.071638    0.000115    8.111333 v _0912_/A1 (sky130_fd_sc_hd__a21oi_2)
     5    0.021957    0.282208    0.277121    8.388454 ^ _0912_/Y (sky130_fd_sc_hd__a21oi_2)
                                                         _0288_ (net)
                      0.282208    0.000198    8.388653 ^ _0922_/C1 (sky130_fd_sc_hd__a211o_1)
     3    0.008748    0.087036    0.176590    8.565243 ^ _0922_/X (sky130_fd_sc_hd__a211o_1)
                                                         _0298_ (net)
                      0.087036    0.000115    8.565358 ^ _0924_/C_N (sky130_fd_sc_hd__or3b_1)
     2    0.004218    0.074036    0.358892    8.924251 v _0924_/X (sky130_fd_sc_hd__or3b_1)
                                                         _0300_ (net)
                      0.074036    0.000044    8.924295 v _0956_/C_N (sky130_fd_sc_hd__or3b_1)
     1    0.005046    0.060741    0.181454    9.105749 ^ _0956_/X (sky130_fd_sc_hd__or3b_1)
                                                         _0332_ (net)
                      0.060741    0.000046    9.105796 ^ _0957_/A2 (sky130_fd_sc_hd__a211oi_2)
     2    0.011243    0.075380    0.088529    9.194324 v _0957_/Y (sky130_fd_sc_hd__a211oi_2)
                                                         _0333_ (net)
                      0.075380    0.000094    9.194419 v _0960_/B (sky130_fd_sc_hd__or3_1)
     1    0.004635    0.075170    0.363901    9.558320 v _0960_/X (sky130_fd_sc_hd__or3_1)
                                                         _0336_ (net)
                      0.075170    0.000089    9.558409 v fanout60/A (sky130_fd_sc_hd__buf_2)
     7    0.040392    0.099967    0.203846    9.762255 v fanout60/X (sky130_fd_sc_hd__buf_2)
                                                         net60 (net)
                      0.099967    0.000217    9.762471 v fanout59/A (sky130_fd_sc_hd__buf_2)
    10    0.040443    0.100104    0.215184    9.977655 v fanout59/X (sky130_fd_sc_hd__buf_2)
                                                         net59 (net)
                      0.100146    0.001934    9.979589 v _1035_/C (sky130_fd_sc_hd__or4_1)
     4    0.010560    0.130235    0.546346   10.525935 v _1035_/X (sky130_fd_sc_hd__or4_1)
                                                         _0411_ (net)
                      0.130235    0.000036   10.525970 v _1053_/B (sky130_fd_sc_hd__or2_1)
     2    0.005884    0.061659    0.253741   10.779712 v _1053_/X (sky130_fd_sc_hd__or2_1)
                                                         _0428_ (net)
                      0.061659    0.000068   10.779780 v _1213_/A2 (sky130_fd_sc_hd__a311o_1)
     1    0.002429    0.050591    0.305591   11.085371 v _1213_/X (sky130_fd_sc_hd__a311o_1)
                                                         _0557_ (net)
                      0.050591    0.000028   11.085399 v _1214_/C (sky130_fd_sc_hd__or4b_1)
     1    0.007491    0.113083    0.505456   11.590855 v _1214_/X (sky130_fd_sc_hd__or4b_1)
                                                         _0558_ (net)
                      0.113083    0.000235   11.591090 v _1228_/A (sky130_fd_sc_hd__or4_1)
     1    0.003608    0.088722    0.542178   12.133268 v _1228_/X (sky130_fd_sc_hd__or4_1)
                                                         _0572_ (net)
                      0.088722    0.000032   12.133300 v _1253_/A (sky130_fd_sc_hd__nor2_1)
     1    0.003199    0.086069    0.117526   12.250826 ^ _1253_/Y (sky130_fd_sc_hd__nor2_1)
                                                         clk_divider.next_flag (net)
                      0.086069    0.000041   12.250867 ^ _1312_/D (sky130_fd_sc_hd__dfrtp_1)
                                             12.250867   data arrival time

                                 25.000000   25.000000   clock clk (rise edge)
                                  0.000000   25.000000   clock source latency
     1    0.019482    0.093356    0.064007   25.064007 ^ clk (in)
                                                         clk (net)
                      0.093357    0.000000   25.064007 ^ clkbuf_0_clk/A (sky130_fd_sc_hd__clkbuf_16)
     4    0.038835    0.058775    0.158728   25.222734 ^ clkbuf_0_clk/X (sky130_fd_sc_hd__clkbuf_16)
                                                         clknet_0_clk (net)
                      0.058779    0.000458   25.223192 ^ clkbuf_2_3__f_clk/A (sky130_fd_sc_hd__clkbuf_16)
    11    0.032668    0.053315    0.141361   25.364553 ^ clkbuf_2_3__f_clk/X (sky130_fd_sc_hd__clkbuf_16)
                                                         clknet_2_3__leaf_clk (net)
                      0.053315    0.000146   25.364700 ^ _1312_/CLK (sky130_fd_sc_hd__dfrtp_1)
                                 -0.250000   25.114700   clock uncertainty
                                  0.000000   25.114700   clock reconvergence pessimism
                                 -0.068045   25.046656   library setup time
                                             25.046656   data required time
---------------------------------------------------------------------------------------------
                                             25.046656   data required time
                                            -12.250867   data arrival time
---------------------------------------------------------------------------------------------
                                             12.795789   slack (MET)




===========================================================================
report_checks --slack_max -0.01
============================================================================
======================= min_tt_025C_1v80 Corner ===================================

No paths found.


===========================================================================
 report_check_types -max_slew -max_cap -max_fanout -violators
============================================================================
======================= min_tt_025C_1v80 Corner ===================================

max fanout

Pin                                   Limit Fanout  Slack
---------------------------------------------------------
clkbuf_2_3__f_clk/X                      10     11        (VIOLATED)



===========================================================================
report_parasitic_annotation -report_unannotated
============================================================================
Found 3 unannotated drivers.
 clkload0/X
 clkload1/Y
 clkload2/Y
Found 0 partially unannotated drivers.

===========================================================================
max slew violation count 0
max fanout violation count 1
max cap violation count 0
============================================================================

===========================================================================
check_setup -verbose -unconstrained_endpoints -multiple_clock -no_clock -no_input_delay -loops -generated_clocks
===========================================================================
