Clock: clk
Sources: clk 
Generated: no
Virtual: yes
Propagated: no
Period: 100.000000

===========================================================================
report_clock_properties
============================================================================
Clock                   Period          Waveform
----------------------------------------------------
clk                 100.000000    0.000000 50.000000

===========================================================================
report_clock_latency
============================================================================
Clock clk
rise -> rise
    min     max
0.000000 0.000000 source latency
0.466450         network latency _0943_/CLK
        0.474927 network latency _0936_/CLK
---------------
0.466450 0.474927 latency
        0.008477 skew

fall -> fall
    min     max
0.000000 0.000000 source latency
0.409216         network latency _0943_/CLK
        0.416506 network latency _0936_/CLK
---------------
0.409216 0.416506 latency
        0.007290 skew



===========================================================================
report_clock_min_period
============================================================================
clk period_min = 4.00 fmax = 250.09
