
===========================================================================
 report_power
============================================================================
======================= min_ss_100C_1v60 Corner ===================================

Group                    Internal    Switching      Leakage        Total
                            Power        Power        Power        Power (Watts)
------------------------------------------------------------------------
Sequential           4.469373e-04 1.993633e-05 6.865284e-06 4.737389e-04  42.0%
Combinational        1.126302e-04 1.304735e-04 1.087136e-05 2.539750e-04  22.5%
Clock                2.039060e-04 1.958548e-04 7.997133e-07 4.005604e-04  35.5%
Macro                0.000000e+00 0.000000e+00 0.000000e+00 0.000000e+00   0.0%
Pad                  0.000000e+00 0.000000e+00 0.000000e+00 0.000000e+00   0.0%
------------------------------------------------------------------------
Total                7.634746e-04 3.462647e-04 1.853629e-05 1.128276e-03 100.0%
                            67.7%        30.7%         1.6%

