
===========================================================================
 report_power
============================================================================
======================= min_ss_100C_1v60 Corner ===================================

Group                    Internal    Switching      Leakage        Total
                            Power        Power        Power        Power (Watts)
------------------------------------------------------------------------
Sequential           1.100328e-04 8.601352e-06 6.459368e-06 1.250935e-04  42.5%
Combinational        3.351005e-05 3.429224e-05 9.691346e-06 7.749363e-05  26.3%
Clock                4.934362e-05 4.150272e-05 7.575456e-07 9.160388e-05  31.1%
Macro                0.000000e+00 0.000000e+00 0.000000e+00 0.000000e+00   0.0%
Pad                  0.000000e+00 0.000000e+00 0.000000e+00 0.000000e+00   0.0%
------------------------------------------------------------------------
Total                1.928863e-04 8.439631e-05 1.690820e-05 2.941908e-04 100.0%
                            65.6%        28.7%         5.7%

