
===========================================================================
 report_power
============================================================================
======================= nom_ff_n40C_1v95 Corner ===================================

Group                    Internal    Switching      Leakage        Total
                            Power        Power        Power        Power (Watts)
------------------------------------------------------------------------
Sequential           6.276144e-04 1.630126e-14 7.956188e-09 6.276224e-04  49.8%
Combinational        7.737628e-06 2.917754e-05 1.488659e-08 3.693006e-05   2.9%
Clock                2.853042e-04 3.111603e-04 9.940984e-09 5.964744e-04  47.3%
Macro                0.000000e+00 0.000000e+00 0.000000e+00 0.000000e+00   0.0%
Pad                  0.000000e+00 0.000000e+00 0.000000e+00 0.000000e+00   0.0%
------------------------------------------------------------------------
Total                9.206564e-04 3.403378e-04 3.278367e-08 1.261027e-03 100.0%
                            73.0%        27.0%         0.0%

