Clock: clk
Sources: clk 
Generated: no
Virtual: yes
Propagated: no
Period: 50.000000

===========================================================================
report_clock_properties
============================================================================
Clock                   Period          Waveform
----------------------------------------------------
clk                  50.000000    0.000000 25.000000

===========================================================================
report_clock_latency
============================================================================
Clock clk
rise -> rise
    min     max
0.000000 0.000000 source latency
1.210101         network latency _2693_/CLK
        1.238348 network latency _2745_/CLK
---------------
1.210101 1.238348 latency
        0.028247 skew

fall -> fall
    min     max
0.000000 0.000000 source latency
1.095678         network latency _2693_/CLK
        1.117609 network latency _2745_/CLK
---------------
1.095678 1.117609 latency
        0.021931 skew



===========================================================================
report_clock_min_period
============================================================================
clk period_min = 10.13 fmax = 98.68
