Clock: clk
Sources: clk 
Generated: no
Virtual: yes
Propagated: no
Period: 10000.000000

===========================================================================
report_clock_properties
============================================================================
Clock                   Period          Waveform
----------------------------------------------------
clk                 10000.000000    0.0000005000.000000

===========================================================================
report_clock_latency
============================================================================
Clock clk
rise -> rise
    min     max
0.000000 0.000000 source latency
0.739506         network latency cell0/clk
        0.731229 network latency cell3/clk
---------------
0.739506 0.731229 latency
        -0.008277 skew

fall -> fall
    min     max
0.000000 0.000000 source latency
0.696218         network latency cell0/clk
        0.690306 network latency cell3/clk
---------------
0.696218 0.690306 latency
        -0.005912 skew



===========================================================================
report_clock_min_period
============================================================================
clk period_min = 2.04 fmax = 491.29
