
===========================================================================
 report_power
============================================================================
======================= min_ss_100C_1v60 Corner ===================================

Group                    Internal    Switching      Leakage        Total
                            Power        Power        Power        Power (Watts)
------------------------------------------------------------------------
Sequential           0.000000e+00 0.000000e+00 0.000000e+00 0.000000e+00   0.0%
Combinational        1.594835e-08 3.790303e-08 1.489694e-06 1.543546e-06  89.8%
Clock                4.445789e-08 7.014783e-08 6.041508e-08 1.750208e-07  10.2%
Macro                0.000000e+00 0.000000e+00 0.000000e+00 0.000000e+00   0.0%
Pad                  0.000000e+00 0.000000e+00 0.000000e+00 0.000000e+00   0.0%
------------------------------------------------------------------------
Total                6.040622e-08 1.080509e-07 1.550110e-06 1.718567e-06 100.0%
                             3.5%         6.3%        90.2%

