
===========================================================================
 report_power
============================================================================
======================= min_ss_100C_1v60 Corner ===================================

Group                    Internal    Switching      Leakage        Total
                            Power        Power        Power        Power (Watts)
------------------------------------------------------------------------
Sequential           0.000000e+00 0.000000e+00 0.000000e+00 0.000000e+00   0.0%
Combinational        2.026069e-08 4.935317e-08 1.767045e-06 1.836659e-06  90.8%
Clock                4.450667e-08 7.971896e-08 6.159157e-08 1.858172e-07   9.2%
Macro                0.000000e+00 0.000000e+00 0.000000e+00 0.000000e+00   0.0%
Pad                  0.000000e+00 0.000000e+00 0.000000e+00 0.000000e+00   0.0%
------------------------------------------------------------------------
Total                6.476739e-08 1.290721e-07 1.828637e-06 2.022477e-06 100.0%
                             3.2%         6.4%        90.4%

