
===========================================================================
Violator List
============================================================================
[setup in-out] nrst -> CBnorth_out[15] : -8.772006
[setup in-out] nrst -> CBnorth_out[9] : -8.466618
[setup in-out] nrst -> CBeast_out[15] : -8.449238
[setup in-out] nrst -> CBnorth_out[5] : -8.440886
[setup in-out] nrst -> CBnorth_out[0] : -8.366435
[setup in-out] nrst -> CBnorth_out[12] : -8.328365
[setup in-out] nrst -> CBnorth_out[10] : -8.316594
[setup in-out] nrst -> CBnorth_out[11] : -8.294841
[setup in-out] nrst -> CBnorth_out[14] : -8.265151
[setup in-out] nrst -> CBeast_out[1] : -8.259647
[setup in-out] nrst -> CBnorth_out[7] : -8.238523
[setup in-out] nrst -> CBeast_out[7] : -8.216682
[setup in-out] nrst -> CBnorth_out[4] : -8.214043
[setup in-out] nrst -> CBeast_out[5] : -8.191547
[setup in-out] nrst -> CBeast_out[4] : -8.180093
[setup in-out] nrst -> CBnorth_out[3] : -8.174874
[setup in-out] nrst -> CBeast_out[11] : -8.158957
[setup in-out] nrst -> CBeast_out[9] : -8.144497
[setup in-out] nrst -> CBeast_out[14] : -8.134844
[setup in-out] nrst -> CBeast_out[2] : -8.115928
[setup in-out] nrst -> CBeast_out[3] : -8.110078
[setup in-out] nrst -> CBnorth_out[1] : -8.067232
[setup in-out] nrst -> CBnorth_out[13] : -8.051051
[setup in-out] nrst -> CBeast_out[13] : -8.015103
[setup in-out] nrst -> CBeast_out[0] : -7.998335
[setup in-out] nrst -> CBeast_out[8] : -7.977960
[setup in-out] nrst -> CBeast_out[10] : -7.972789
[setup in-out] nrst -> CBnorth_out[8] : -7.949444
[setup in-out] nrst -> SBsouth_out[7] : -7.944268
[setup in-out] nrst -> SBwest_out[7] : -7.923765
[setup in-out] nrst -> SBwest_out[0] : -7.823948
[setup in-out] nrst -> SBsouth_out[0] : -7.804582
[setup in-out] nrst -> CBeast_out[12] : -7.785508
[setup in-out] nrst -> CBnorth_out[2] : -7.699400
[setup in-out] nrst -> SBsouth_out[5] : -7.673322
[setup in-out] nrst -> SBwest_out[5] : -7.626884
[setup in-out] nrst -> SBsouth_out[15] : -7.618375
[setup in-out] nrst -> SBwest_out[15] : -7.617194
[setup in-out] nrst -> SBsouth_out[11] : -7.612975
[setup in-out] nrst -> SBwest_out[9] : -7.609952
[setup in-out] nrst -> SBwest_out[11] : -7.595892
[setup in-out] nrst -> SBsouth_out[9] : -7.595850
[setup in-out] nrst -> SBwest_out[12] : -7.499813
[setup in-out] nrst -> SBwest_out[3] : -7.478834
[setup in-out] nrst -> SBsouth_out[14] : -7.472961
[setup in-out] nrst -> SBsouth_out[3] : -7.463229
[setup in-out] nrst -> SBwest_out[14] : -7.455121
[setup in-out] nrst -> SBsouth_out[12] : -7.429929
[setup in-out] nrst -> SBsouth_out[13] : -7.383314
[setup in-out] nrst -> SBwest_out[13] : -7.375302
[setup in-out] nrst -> SBwest_out[1] : -7.310446
[setup in-out] nrst -> SBsouth_out[1] : -7.305923
[setup in-out] nrst -> SBwest_out[4] : -7.294775
[setup in-out] nrst -> SBsouth_out[4] : -7.290924
[setup in-out] nrst -> SBsouth_out[2] : -7.208524
[setup in-out] nrst -> SBwest_out[10] : -7.185934
[setup in-out] nrst -> SBsouth_out[10] : -7.182154
[setup in-out] nrst -> SBwest_out[8] : -7.179004
[setup in-out] nrst -> SBsouth_out[8] : -7.176589
[setup in-out] nrst -> SBwest_out[2] : -7.130387
[setup in-out] nrst -> CBnorth_out[6] : -6.657255
[setup in-out] nrst -> CBeast_out[6] : -1.731459
[setup in-out] nrst -> SBwest_out[6] : -0.895035
[setup in-out] nrst -> SBsouth_out[6] : -0.835732
