Clock: clk
Sources: clk 
Generated: no
Virtual: yes
Propagated: no
Period: 1000.000000

===========================================================================
report_clock_properties
============================================================================
Clock                   Period          Waveform
----------------------------------------------------
clk                 1000.000000    0.000000500.000000

===========================================================================
report_clock_latency
============================================================================
Clock clk
rise -> rise
    min     max
0.000000 0.000000 source latency
1.004546         network latency cell2/_2858_/CLK
        200.975388 network latency cell2/_2810_/CLK
---------------
1.004546 200.975388 latency
        199.970840 skew

rise -> fall
    min     max
0.000000 0.000000 source latency
1.548268         network latency cell2/_2788_/CLK
        200.923691 network latency cell2/_2810_/CLK
---------------
1.548268 200.923691 latency
        199.375412 skew

fall -> fall
    min     max
0.000000 0.000000 source latency
0.960085         network latency cell2/_2857_/CLK
        1.029377 network latency cell1/_2791_/CLK
---------------
0.960085 1.029377 latency
        0.069292 skew



===========================================================================
report_clock_min_period
============================================================================
clk period_min = 2.97 fmax = 336.68
