
===========================================================================
 report_power
============================================================================
======================= max_tt_025C_1v80 Corner ===================================

Group                    Internal    Switching      Leakage        Total
                            Power        Power        Power        Power (Watts)
------------------------------------------------------------------------
Sequential           0.000000e+00 0.000000e+00 0.000000e+00 0.000000e+00   0.0%
Combinational        1.228640e-08 2.948665e-08 9.056354e-10 4.267869e-08  21.4%
Clock                5.493779e-08 9.794059e-08 3.695997e-09 1.565744e-07  78.6%
Macro                0.000000e+00 0.000000e+00 0.000000e+00 0.000000e+00   0.0%
Pad                  0.000000e+00 0.000000e+00 0.000000e+00 0.000000e+00   0.0%
------------------------------------------------------------------------
Total                6.722419e-08 1.274272e-07 4.601626e-09 1.992531e-07 100.0%
                            33.7%        64.0%         2.3%

