
===========================================================================
 report_power
============================================================================
======================= nom_ss_100C_1v60 Corner ===================================

Group                    Internal    Switching      Leakage        Total
                            Power        Power        Power        Power (Watts)
------------------------------------------------------------------------
Sequential           1.598470e-04 1.942934e-07 2.428936e-06 1.624702e-04  49.5%
Combinational        2.420757e-06 6.917528e-06 7.138895e-06 1.647718e-05   5.0%
Clock                6.512178e-05 8.389251e-05 2.988291e-07 1.493131e-04  45.5%
Macro                0.000000e+00 0.000000e+00 0.000000e+00 0.000000e+00   0.0%
Pad                  0.000000e+00 0.000000e+00 0.000000e+00 0.000000e+00   0.0%
------------------------------------------------------------------------
Total                2.273895e-04 9.100432e-05 9.866651e-06 3.282605e-04 100.0%
                            69.3%        27.7%         3.0%

