
===========================================================================
 report_power
============================================================================
======================= nom_ss_100C_1v60 Corner ===================================

Group                    Internal    Switching      Leakage        Total
                            Power        Power        Power        Power (Watts)
------------------------------------------------------------------------
Sequential           2.696811e-05 5.506493e-06 1.023609e-06 3.349821e-05  25.4%
Combinational        3.114262e-05 3.602521e-05 3.848144e-06 7.101598e-05  53.9%
Clock                1.787261e-05 9.227560e-06 2.457170e-07 2.734588e-05  20.7%
Macro                0.000000e+00 0.000000e+00 0.000000e+00 0.000000e+00   0.0%
Pad                  0.000000e+00 0.000000e+00 0.000000e+00 0.000000e+00   0.0%
------------------------------------------------------------------------
Total                7.598332e-05 5.075926e-05 5.117469e-06 1.318601e-04 100.0%
                            57.6%        38.5%         3.9%

