
===========================================================================
report_checks -unconstrained
===========================================================================
======================= max_ff_n40C_1v95 Corner ===================================

Startpoint: n_rst (input port clocked by clk)
Endpoint: _0939_ (recovery check against rising-edge clock clk)
Path Group: asynchronous
Path Type: max

Fanout         Cap        Slew       Delay        Time   Description
---------------------------------------------------------------------------------------------
                                  0.000000    0.000000   clock clk (rise edge)
                                  0.000000    0.000000   clock network delay (propagated)
                                 20.000000   20.000000 ^ input external delay
     1    0.002691    0.013526    0.006992   20.006992 ^ n_rst (in)
                                                         n_rst (net)
                      0.013532    0.000000   20.006992 ^ input16/A (sky130_fd_sc_hd__buf_1)
     2    0.017173    0.153787    0.130505   20.137497 ^ input16/X (sky130_fd_sc_hd__buf_1)
                                                         net16 (net)
                      0.153835    0.002245   20.139744 ^ fanout34/A (sky130_fd_sc_hd__clkbuf_2)
     6    0.029428    0.125745    0.156769   20.296513 ^ fanout34/X (sky130_fd_sc_hd__clkbuf_2)
                                                         net34 (net)
                      0.125804    0.002226   20.298737 ^ fanout32/A (sky130_fd_sc_hd__clkbuf_4)
    10    0.053187    0.125330    0.179057   20.477795 ^ fanout32/X (sky130_fd_sc_hd__clkbuf_4)
                                                         net32 (net)
                      0.125362    0.001666   20.479460 ^ fanout31/A (sky130_fd_sc_hd__clkbuf_4)
    10    0.050357    0.119267    0.174465   20.653925 ^ fanout31/X (sky130_fd_sc_hd__clkbuf_4)
                                                         net31 (net)
                      0.119366    0.002833   20.656759 ^ fanout30/A (sky130_fd_sc_hd__clkbuf_4)
    10    0.047933    0.113998    0.168448   20.825207 ^ fanout30/X (sky130_fd_sc_hd__clkbuf_4)
                                                         net30 (net)
                      0.114560    0.006469   20.831676 ^ _0939_/SET_B (sky130_fd_sc_hd__dfstp_1)
                                             20.831676   data arrival time

                                100.000000  100.000000   clock clk (rise edge)
                                  0.000000  100.000000   clock source latency
     1    0.024262    0.085566    0.059934  100.059929 ^ clk (in)
                                                         clk (net)
                      0.085693    0.000000  100.059929 ^ clkbuf_0_clk/A (sky130_fd_sc_hd__clkbuf_16)
     8    0.098988    0.088568    0.141924  100.201859 ^ clkbuf_0_clk/X (sky130_fd_sc_hd__clkbuf_16)
                                                         clknet_0_clk (net)
                      0.089212    0.006040  100.207893 ^ clkbuf_3_2__f_clk/A (sky130_fd_sc_hd__clkbuf_16)
    17    0.055558    0.056605    0.119982  100.327873 ^ clkbuf_3_2__f_clk/X (sky130_fd_sc_hd__clkbuf_16)
                                                         clknet_3_2__leaf_clk (net)
                      0.056692    0.001727  100.329605 ^ _0939_/CLK (sky130_fd_sc_hd__dfstp_1)
                                 -0.250000  100.079605   clock uncertainty
                                  0.000000  100.079605   clock reconvergence pessimism
                                  0.090357  100.169968   library recovery time
                                            100.169968   data required time
---------------------------------------------------------------------------------------------
                                            100.169968   data required time
                                            -20.831676   data arrival time
---------------------------------------------------------------------------------------------
                                             79.338287   slack (MET)


Startpoint: _0942_ (rising edge-triggered flip-flop clocked by clk)
Endpoint: serial_out (output port clocked by clk)
Path Group: clk
Path Type: max

Fanout         Cap        Slew       Delay        Time   Description
---------------------------------------------------------------------------------------------
                                  0.000000    0.000000   clock clk (rise edge)
                                  0.000000    0.000000   clock source latency
     1    0.024262    0.085566    0.059935    0.059935 ^ clk (in)
                                                         clk (net)
                      0.085693    0.000000    0.059935 ^ clkbuf_0_clk/A (sky130_fd_sc_hd__clkbuf_16)
     8    0.098988    0.088568    0.141924    0.201859 ^ clkbuf_0_clk/X (sky130_fd_sc_hd__clkbuf_16)
                                                         clknet_0_clk (net)
                      0.088878    0.004237    0.206095 ^ clkbuf_3_4__f_clk/A (sky130_fd_sc_hd__clkbuf_16)
    13    0.049402    0.052208    0.117105    0.323200 ^ clkbuf_3_4__f_clk/X (sky130_fd_sc_hd__clkbuf_16)
                                                         clknet_3_4__leaf_clk (net)
                      0.052411    0.002484    0.325684 ^ _0942_/CLK (sky130_fd_sc_hd__dfstp_1)
     4    0.015224    0.110328    0.362873    0.688557 ^ _0942_/Q (sky130_fd_sc_hd__dfstp_1)
                                                         prod_adder.gen_for_loop[0].adder_n.b (net)
                      0.110340    0.001206    0.689763 ^ _0677_/B1 (sky130_fd_sc_hd__a22o_1)
     3    0.009069    0.072554    0.108072    0.797835 ^ _0677_/X (sky130_fd_sc_hd__a22o_1)
                                                         _0261_ (net)
                      0.072557    0.000563    0.798398 ^ _0679_/A2 (sky130_fd_sc_hd__a21o_1)
     3    0.010033    0.071580    0.105809    0.904207 ^ _0679_/X (sky130_fd_sc_hd__a21o_1)
                                                         _0263_ (net)
                      0.071583    0.000569    0.904777 ^ _0681_/B (sky130_fd_sc_hd__and3_1)
     2    0.007335    0.064618    0.117894    1.022671 ^ _0681_/X (sky130_fd_sc_hd__and3_1)
                                                         _0265_ (net)
                      0.064620    0.000447    1.023118 ^ _0683_/A2 (sky130_fd_sc_hd__o21ai_2)
     4    0.012604    0.052021    0.049657    1.072775 v _0683_/Y (sky130_fd_sc_hd__o21ai_2)
                                                         _0267_ (net)
                      0.052055    0.000676    1.073451 v _0684_/A2 (sky130_fd_sc_hd__a21oi_1)
     2    0.008839    0.157572    0.162159    1.235610 ^ _0684_/Y (sky130_fd_sc_hd__a21oi_1)
                                                         _0268_ (net)
                      0.157575    0.000551    1.236161 ^ _0685_/A2 (sky130_fd_sc_hd__o21ai_1)
     3    0.008129    0.057897    0.067340    1.303501 v _0685_/Y (sky130_fd_sc_hd__o21ai_1)
                                                         _0269_ (net)
                      0.057899    0.000255    1.303756 v _0687_/A2 (sky130_fd_sc_hd__o21ba_1)
     1    0.005663    0.034367    0.121912    1.425668 v _0687_/X (sky130_fd_sc_hd__o21ba_1)
                                                         _0271_ (net)
                      0.034372    0.000408    1.426076 v _0692_/A (sky130_fd_sc_hd__xnor2_1)
     1    0.003247    0.038780    0.079647    1.505723 v _0692_/Y (sky130_fd_sc_hd__xnor2_1)
                                                         _0276_ (net)
                      0.038780    0.000219    1.505943 v _0700_/A2 (sky130_fd_sc_hd__a211o_1)
     1    0.002682    0.032902    0.177937    1.683880 v _0700_/X (sky130_fd_sc_hd__a211o_1)
                                                         _0284_ (net)
                      0.032902    0.000189    1.684070 v _0728_/A2 (sky130_fd_sc_hd__a21o_1)
     1    0.004667    0.029430    0.117069    1.801138 v _0728_/X (sky130_fd_sc_hd__a21o_1)
                                                         net19 (net)
                      0.029433    0.000297    1.801435 v output19/A (sky130_fd_sc_hd__buf_2)
     1    0.034095    0.062527    0.116084    1.917519 v output19/X (sky130_fd_sc_hd__buf_2)
                                                         serial_out (net)
                      0.062579    0.001614    1.919133 v serial_out (out)
                                              1.919133   data arrival time

                                100.000000  100.000000   clock clk (rise edge)
                                  0.000000  100.000000   clock network delay (propagated)
                                 -0.250000   99.750000   clock uncertainty
                                  0.000000   99.750000   clock reconvergence pessimism
                                -20.000000   79.750000   output external delay
                                             79.750000   data required time
---------------------------------------------------------------------------------------------
                                             79.750000   data required time
                                             -1.919133   data arrival time
---------------------------------------------------------------------------------------------
                                             77.830864   slack (MET)




===========================================================================
report_checks --slack_max -0.01
============================================================================
======================= max_ff_n40C_1v95 Corner ===================================

No paths found.


===========================================================================
 report_check_types -max_slew -max_cap -max_fanout -violators
============================================================================
======================= max_ff_n40C_1v95 Corner ===================================

max fanout

Pin                                   Limit Fanout  Slack
---------------------------------------------------------
clkbuf_3_1__f_clk/X                      10     18     -8 (VIOLATED)
clkbuf_3_2__f_clk/X                      10     17     -7 (VIOLATED)
clkbuf_3_3__f_clk/X                      10     16     -6 (VIOLATED)
clkbuf_3_0__f_clk/X                      10     14     -4 (VIOLATED)
clkbuf_3_4__f_clk/X                      10     13     -3 (VIOLATED)
clkbuf_3_6__f_clk/X                      10     12     -2 (VIOLATED)
clkbuf_3_7__f_clk/X                      10     11        (VIOLATED)



===========================================================================
report_parasitic_annotation -report_unannotated
============================================================================
Found 8 unannotated drivers.
 clkload0/Y
 clkload1/X
 clkload2/Y
 clkload3/Y
 clkload4/Y
 clkload5/Y
 clkload6/Y
 matrix_mult_40/HI
Found 0 partially unannotated drivers.

===========================================================================
max slew violation count 0
max fanout violation count 7
max cap violation count 0
============================================================================

===========================================================================
check_setup -verbose -unconstrained_endpoints -multiple_clock -no_clock -no_input_delay -loops -generated_clocks
===========================================================================
Warning: There is 1 unconstrained endpoint.
  tx_busy
