
===========================================================================
 report_power
============================================================================
======================= min_ff_n40C_1v95 Corner ===================================

Group                    Internal    Switching      Leakage        Total
                            Power        Power        Power        Power (Watts)
------------------------------------------------------------------------
Sequential           6.276752e-04 1.578191e-14 7.956188e-09 6.276832e-04  50.3%
Combinational        7.743230e-06 2.770788e-05 1.488659e-08 3.546600e-05   2.8%
Clock                2.852161e-04 2.999946e-04 9.940984e-09 5.852206e-04  46.9%
Macro                0.000000e+00 0.000000e+00 0.000000e+00 0.000000e+00   0.0%
Pad                  0.000000e+00 0.000000e+00 0.000000e+00 0.000000e+00   0.0%
------------------------------------------------------------------------
Total                9.206343e-04 3.277025e-04 3.278367e-08 1.248370e-03 100.0%
                            73.7%        26.3%         0.0%

