Clock: clk
Sources: clk 
Generated: no
Virtual: yes
Propagated: no
Period: 100.000000

===========================================================================
report_clock_properties
============================================================================
Clock                   Period          Waveform
----------------------------------------------------
clk                 100.000000    0.000000 50.000000

===========================================================================
report_clock_latency
============================================================================
Clock clk
rise -> rise
    min     max
0.000000 0.000000 source latency
0.731013         network latency _3088_/CLK
        20.405416 network latency _2842_/CLK
---------------
0.731013 20.405416 latency
        19.674402 skew

rise -> fall
    min     max
0.000000 0.000000 source latency
1.301507         network latency _2864_/CLK
        20.349207 network latency _2842_/CLK
---------------
1.301507 20.349207 latency
        19.047701 skew

fall -> fall
    min     max
0.000000 0.000000 source latency
0.633570         network latency _3088_/CLK
        0.679844 network latency _2820_/CLK
---------------
0.633570 0.679844 latency
        0.046274 skew



===========================================================================
report_clock_min_period
============================================================================
clk period_min = 3.00 fmax = 333.23
