
===========================================================================
 report_power
============================================================================
======================= max_tt_025C_1v80 Corner ===================================

Group                    Internal    Switching      Leakage        Total
                            Power        Power        Power        Power (Watts)
------------------------------------------------------------------------
Sequential           5.825805e-04 2.911571e-05 4.025207e-09 6.117002e-04  41.8%
Combinational        1.403941e-04 1.886138e-04 8.438120e-09 3.290164e-04  22.5%
Clock                2.489707e-04 2.738487e-04 1.275273e-09 5.228207e-04  35.7%
Macro                0.000000e+00 0.000000e+00 0.000000e+00 0.000000e+00   0.0%
Pad                  0.000000e+00 0.000000e+00 0.000000e+00 0.000000e+00   0.0%
------------------------------------------------------------------------
Total                9.719456e-04 4.915777e-04 1.373864e-08 1.463537e-03 100.0%
                            66.4%        33.6%         0.0%

