Clock: clk
Sources: clk 
Generated: no
Virtual: yes
Propagated: no
Period: 100.000000

===========================================================================
report_clock_properties
============================================================================
Clock                   Period          Waveform
----------------------------------------------------
clk                 100.000000    0.000000 50.000000

===========================================================================
report_clock_latency
============================================================================
Clock clk
rise -> rise
    min     max
0.000000 0.000000 source latency
0.783617         network latency _0943_/CLK
        0.791218 network latency _0973_/CLK
---------------
0.783617 0.791218 latency
        0.007601 skew

fall -> fall
    min     max
0.000000 0.000000 source latency
0.714415         network latency _0943_/CLK
        0.720856 network latency _0973_/CLK
---------------
0.714415 0.720856 latency
        0.006441 skew



===========================================================================
report_clock_min_period
============================================================================
clk period_min = 8.19 fmax = 122.12
