
===========================================================================
 report_power
============================================================================
======================= min_tt_025C_1v80 Corner ===================================

Group                    Internal    Switching      Leakage        Total
                            Power        Power        Power        Power (Watts)
------------------------------------------------------------------------
Sequential           4.988033e-05 8.603065e-06 1.191678e-09 5.848459e-05  39.3%
Combinational        2.891301e-05 2.773446e-05 1.990520e-09 5.664946e-05  38.1%
Clock                1.790166e-05 1.572194e-05 1.623168e-09 3.362522e-05  22.6%
Macro                0.000000e+00 0.000000e+00 0.000000e+00 0.000000e+00   0.0%
Pad                  0.000000e+00 0.000000e+00 0.000000e+00 0.000000e+00   0.0%
------------------------------------------------------------------------
Total                9.669502e-05 5.205947e-05 4.805365e-09 1.487593e-04 100.0%
                            65.0%        35.0%         0.0%

