
===========================================================================
 report_power
============================================================================
======================= min_ss_100C_1v60 Corner ===================================

Group                    Internal    Switching      Leakage        Total
                            Power        Power        Power        Power (Watts)
------------------------------------------------------------------------
Sequential           4.126352e-04 9.981042e-15 6.345198e-06 4.189803e-04  49.0%
Combinational        5.593100e-06 1.820430e-05 1.005693e-05 3.385433e-05   4.0%
Clock                2.051964e-04 1.963269e-04 8.140291e-07 4.023373e-04  47.0%
Macro                0.000000e+00 0.000000e+00 0.000000e+00 0.000000e+00   0.0%
Pad                  0.000000e+00 0.000000e+00 0.000000e+00 0.000000e+00   0.0%
------------------------------------------------------------------------
Total                6.234249e-04 2.145312e-04 1.721606e-05 8.551722e-04 100.0%
                            72.9%        25.1%         2.0%

