Clock: clk
Sources: clk 
Generated: no
Virtual: yes
Propagated: no
Period: 25.000000

===========================================================================
report_clock_properties
============================================================================
Clock                   Period          Waveform
----------------------------------------------------
clk                  25.000000    0.000000 12.500000

===========================================================================
report_clock_latency
============================================================================
Clock clk
rise -> rise
    min     max
0.000000 0.000000 source latency
0.256947         network latency _1312_/CLK
        0.261529 network latency _1319_/CLK
---------------
0.256947 0.261529 latency
        0.004582 skew

fall -> fall
    min     max
0.000000 0.000000 source latency
0.235824         network latency _1312_/CLK
        0.239244 network latency _1319_/CLK
---------------
0.235824 0.239244 latency
        0.003420 skew



===========================================================================
report_clock_min_period
============================================================================
clk period_min = 4.20 fmax = 237.91
