Clock: clk
Sources: clk 
Generated: no
Virtual: yes
Propagated: no
Period: 25.000000

===========================================================================
report_clock_properties
============================================================================
Clock                   Period          Waveform
----------------------------------------------------
clk                  25.000000    0.000000 12.500000

===========================================================================
report_clock_latency
============================================================================
Clock clk
rise -> rise
    min     max
0.000000 0.000000 source latency
0.517461         network latency _3490_/CLK
        5.125652 network latency _3264_/CLK
---------------
0.517461 5.125652 latency
        4.608191 skew

rise -> fall
    min     max
0.000000 0.000000 source latency
5.082979         network latency _3246_/CLK
        5.083180 network latency _3264_/CLK
---------------
5.082979 5.083180 latency
        0.000201 skew

fall -> fall
    min     max
0.000000 0.000000 source latency
0.447161         network latency _3490_/CLK
        0.473619 network latency _3318_/CLK
---------------
0.447161 0.473619 latency
        0.026458 skew



===========================================================================
report_clock_min_period
============================================================================
clk period_min = 1.51 fmax = 661.42
