
===========================================================================
 report_power
============================================================================
======================= max_ff_n40C_1v95 Corner ===================================

Group                    Internal    Switching      Leakage        Total
                            Power        Power        Power        Power (Watts)
------------------------------------------------------------------------
Sequential           6.766452e-04 2.460636e-05 5.760066e-09 7.012573e-04  43.3%
Combinational        1.505958e-04 1.792692e-04 1.699240e-08 3.298821e-04  20.4%
Clock                2.853611e-04 3.031763e-04 3.678736e-09 5.885411e-04  36.3%
Macro                0.000000e+00 0.000000e+00 0.000000e+00 0.000000e+00   0.0%
Pad                  0.000000e+00 0.000000e+00 0.000000e+00 0.000000e+00   0.0%
------------------------------------------------------------------------
Total                1.112602e-03 5.070523e-04 2.643127e-08 1.619681e-03 100.0%
                            68.7%        31.3%         0.0%

