Clock: clk
Sources: clk 
Generated: no
Virtual: yes
Propagated: no
Period: 100.000000

===========================================================================
report_clock_properties
============================================================================
Clock                   Period          Waveform
----------------------------------------------------
clk                 100.000000    0.000000 50.000000

===========================================================================
report_clock_latency
============================================================================
Clock clk
rise -> rise
    min     max
0.000000 0.000000 source latency
1.179727         network latency _2858_/CLK
        20.860302 network latency _2810_/CLK
---------------
1.179727 20.860302 latency
        19.680576 skew

rise -> fall
    min     max
0.000000 0.000000 source latency
2.229767         network latency _2788_/CLK
        20.744389 network latency _2810_/CLK
---------------
2.229767 20.744389 latency
        18.514622 skew

fall -> fall
    min     max
0.000000 0.000000 source latency
1.074682         network latency _2858_/CLK
        1.126409 network latency _2791_/CLK
---------------
1.074682 1.126409 latency
        0.051728 skew



===========================================================================
report_clock_min_period
============================================================================
clk period_min = 5.88 fmax = 169.94
