
===========================================================================
 report_power
============================================================================
======================= max_ss_100C_1v60 Corner ===================================

Group                    Internal    Switching      Leakage        Total
                            Power        Power        Power        Power (Watts)
------------------------------------------------------------------------
Sequential           1.100081e-04 9.788376e-06 6.459368e-06 1.262558e-04  41.6%
Combinational        3.356879e-05 3.896137e-05 9.691346e-06 8.222151e-05  27.1%
Clock                4.933324e-05 4.511155e-05 7.575456e-07 9.520233e-05  31.3%
Macro                0.000000e+00 0.000000e+00 0.000000e+00 0.000000e+00   0.0%
Pad                  0.000000e+00 0.000000e+00 0.000000e+00 0.000000e+00   0.0%
------------------------------------------------------------------------
Total                1.929103e-04 9.386136e-05 1.690820e-05 3.036798e-04 100.0%
                            63.5%        30.9%         5.6%

