
===========================================================================
 report_power
============================================================================
======================= min_ff_n40C_1v95 Corner ===================================

Group                    Internal    Switching      Leakage        Total
                            Power        Power        Power        Power (Watts)
------------------------------------------------------------------------
Sequential           2.430745e-04 2.815129e-07 2.712307e-09 2.433587e-04  51.7%
Combinational        3.422319e-06 1.012562e-05 1.192294e-08 1.355986e-05   2.9%
Clock                9.027268e-05 1.235240e-04 4.389244e-09 2.138010e-04  45.4%
Macro                0.000000e+00 0.000000e+00 0.000000e+00 0.000000e+00   0.0%
Pad                  0.000000e+00 0.000000e+00 0.000000e+00 0.000000e+00   0.0%
------------------------------------------------------------------------
Total                3.367695e-04 1.339311e-04 1.902448e-08 4.707196e-04 100.0%
                            71.5%        28.5%         0.0%

