
===========================================================================
 report_power
============================================================================
======================= min_ff_n40C_1v95 Corner ===================================

Group                    Internal    Switching      Leakage        Total
                            Power        Power        Power        Power (Watts)
------------------------------------------------------------------------
Sequential           6.767618e-04 2.264935e-05 5.760066e-09 6.994170e-04  44.4%
Combinational        1.502347e-04 1.619813e-04 1.699240e-08 3.122329e-04  19.8%
Clock                2.851277e-04 2.796049e-04 3.678736e-09 5.647363e-04  35.8%
Macro                0.000000e+00 0.000000e+00 0.000000e+00 0.000000e+00   0.0%
Pad                  0.000000e+00 0.000000e+00 0.000000e+00 0.000000e+00   0.0%
------------------------------------------------------------------------
Total                1.112126e-03 4.642351e-04 2.643127e-08 1.576387e-03 100.0%
                            70.5%        29.4%         0.0%

