
===========================================================================
 report_power
============================================================================
======================= min_ss_100C_1v60 Corner ===================================

Group                    Internal    Switching      Leakage        Total
                            Power        Power        Power        Power (Watts)
------------------------------------------------------------------------
Sequential           3.846932e-05 6.669150e-06 2.014959e-06 4.715343e-05  38.7%
Combinational        2.359904e-05 2.153168e-05 2.318138e-06 4.744885e-05  39.0%
Clock                1.469611e-05 1.218378e-05 2.242439e-07 2.710414e-05  22.3%
Macro                0.000000e+00 0.000000e+00 0.000000e+00 0.000000e+00   0.0%
Pad                  0.000000e+00 0.000000e+00 0.000000e+00 0.000000e+00   0.0%
------------------------------------------------------------------------
Total                7.676447e-05 4.038462e-05 4.557347e-06 1.217064e-04 100.0%
                            63.1%        33.2%         3.7%

