
===========================================================================
 report_power
============================================================================
======================= nom_ss_100C_1v60 Corner ===================================

Group                    Internal    Switching      Leakage        Total
                            Power        Power        Power        Power (Watts)
------------------------------------------------------------------------
Sequential           0.000000e+00 0.000000e+00 0.000000e+00 0.000000e+00   0.0%
Combinational        1.019491e-08 2.243073e-08 1.337176e-06 1.369801e-06  88.3%
Clock                4.447331e-08 7.568823e-08 6.079183e-08 1.809534e-07  11.7%
Macro                0.000000e+00 0.000000e+00 0.000000e+00 0.000000e+00   0.0%
Pad                  0.000000e+00 0.000000e+00 0.000000e+00 0.000000e+00   0.0%
------------------------------------------------------------------------
Total                5.466821e-08 9.811893e-08 1.397968e-06 1.550755e-06 100.0%
                             3.5%         6.3%        90.1%

