┏━━━━━━━━━━━━━━━━━━━━━━┳━━━━━━━━━━┳━━━━━━━━━━┳━━━━━━━━━━┳━━━━━━━━━━┳━━━━━━━━━━━┳━━━━━━━━━━┳━━━━━━━━━━━┳━━━━━━━━━━┳━━━━━━━━━━━┳━━━━━━━━━━┳━━━━━━━━━━━┳━━━━━━━━━━┓
┃                      ┃ Hold     ┃ Reg to   ┃          ┃          ┃ of which  ┃ Setup    ┃           ┃          ┃           ┃ of which ┃           ┃          ┃
┃                      ┃ Worst    ┃ Reg      ┃          ┃ Hold Vio ┃ reg to    ┃ Worst    ┃ Reg to    ┃ Setup    ┃ Setup Vio ┃ reg to   ┃ Max Cap   ┃ Max Slew ┃
┃ Corner/Group         ┃ Slack    ┃ Paths    ┃ Hold TNS ┃ Count    ┃ reg       ┃ Slack    ┃ Reg Paths ┃ TNS      ┃ Count     ┃ reg      ┃ Violatio… ┃ Violati… ┃
┡━━━━━━━━━━━━━━━━━━━━━━╇━━━━━━━━━━╇━━━━━━━━━━╇━━━━━━━━━━╇━━━━━━━━━━╇━━━━━━━━━━━╇━━━━━━━━━━╇━━━━━━━━━━━╇━━━━━━━━━━╇━━━━━━━━━━━╇━━━━━━━━━━╇━━━━━━━━━━━╇━━━━━━━━━━┩
│ Overall              │ 0.1152   │ 0.1152   │ 0.0000   │ 0        │ 0         │ 5.8901   │ 6.4469    │ 0.0000   │ 0         │ 0        │ 2         │ 14       │
│ nom_tt_025C_1v80     │ 0.3351   │ 0.3351   │ 0.0000   │ 0        │ 0         │ 6.5374   │ 23.0247   │ 0.0000   │ 0         │ 0        │ 0         │ 0        │
│ nom_ss_100C_1v60     │ 0.8861   │ 0.8861   │ 0.0000   │ 0        │ 0         │ 5.9149   │ 6.8034    │ 0.0000   │ 0         │ 0        │ 2         │ 14       │
│ nom_ff_n40C_1v95     │ 0.1190   │ 0.1190   │ 0.0000   │ 0        │ 0         │ 6.7682   │ 23.6273   │ 0.0000   │ 0         │ 0        │ 0         │ 0        │
│ min_tt_025C_1v80     │ 0.3293   │ 0.3293   │ 0.0000   │ 0        │ 0         │ 6.5519   │ 23.0288   │ 0.0000   │ 0         │ 0        │ 0         │ 0        │
│ min_ss_100C_1v60     │ 0.8737   │ 0.8737   │ 0.0000   │ 0        │ 0         │ 5.9396   │ 7.1349    │ 0.0000   │ 0         │ 0        │ 1         │ 0        │
│ min_ff_n40C_1v95     │ 0.1152   │ 0.1152   │ 0.0000   │ 0        │ 0         │ 6.7788   │ 23.6304   │ 0.0000   │ 0         │ 0        │ 0         │ 0        │
│ max_tt_025C_1v80     │ 0.3384   │ 0.3384   │ 0.0000   │ 0        │ 0         │ 6.5222   │ 23.0212   │ 0.0000   │ 0         │ 0        │ 0         │ 0        │
│ max_ss_100C_1v60     │ 0.8997   │ 0.8997   │ 0.0000   │ 0        │ 0         │ 5.8901   │ 6.4469    │ 0.0000   │ 0         │ 0        │ 2         │ 14       │
│ max_ff_n40C_1v95     │ 0.1232   │ 0.1232   │ 0.0000   │ 0        │ 0         │ 6.7562   │ 23.6249   │ 0.0000   │ 0         │ 0        │ 0         │ 0        │
└──────────────────────┴──────────┴──────────┴──────────┴──────────┴───────────┴──────────┴───────────┴──────────┴───────────┴──────────┴───────────┴──────────┘
