
===========================================================================
report_checks -unconstrained
===========================================================================
======================= min_tt_025C_1v80 Corner ===================================

Startpoint: nrst (input port clocked by clk)
Endpoint: _2796_ (recovery check against rising-edge clock clk)
Path Group: asynchronous
Path Type: max

Fanout         Cap        Slew       Delay        Time   Description
---------------------------------------------------------------------------------------------
                                  0.000000    0.000000   clock clk (rise edge)
                                  0.000000    0.000000   clock network delay (propagated)
                                  5.000000    5.000000 ^ input external delay
     1    0.002825    0.019842    0.010385    5.010385 ^ nrst (in)
                                                         nrst (net)
                      0.019842    0.000000    5.010385 ^ input9/A (sky130_fd_sc_hd__clkbuf_2)
     4    0.035332    0.194303    0.201473    5.211857 ^ input9/X (sky130_fd_sc_hd__clkbuf_2)
                                                         net9 (net)
                      0.194313    0.001142    5.212999 ^ fanout131/A (sky130_fd_sc_hd__buf_2)
     5    0.042034    0.206717    0.271806    5.484805 ^ fanout131/X (sky130_fd_sc_hd__buf_2)
                                                         net131 (net)
                      0.206717    0.000577    5.485382 ^ fanout127/A (sky130_fd_sc_hd__buf_2)
     6    0.046748    0.229107    0.290152    5.775534 ^ fanout127/X (sky130_fd_sc_hd__buf_2)
                                                         net127 (net)
                      0.229113    0.001527    5.777061 ^ fanout126/A (sky130_fd_sc_hd__clkbuf_4)
    10    0.053288    0.165078    0.288356    6.065417 ^ fanout126/X (sky130_fd_sc_hd__clkbuf_4)
                                                         net126 (net)
                      0.165096    0.001841    6.067258 ^ fanout125/A (sky130_fd_sc_hd__buf_2)
     8    0.036220    0.179551    0.244707    6.311965 ^ fanout125/X (sky130_fd_sc_hd__buf_2)
                                                         net125 (net)
                      0.179551    0.000755    6.312720 ^ _2796_/RESET_B (sky130_fd_sc_hd__dfrtp_4)
                                              6.312720   data arrival time

                                 25.000000   25.000000   clock clk (rise edge)
                                  0.000000   25.000000   clock source latency
     1    0.032144    0.149848    0.103682   25.103682 ^ clk (in)
                                                         clk (net)
                      0.149851    0.000000   25.103682 ^ clkbuf_0_clk/A (sky130_fd_sc_hd__clkbuf_16)
    16    0.134562    0.147590    0.246745   25.350426 ^ clkbuf_0_clk/X (sky130_fd_sc_hd__clkbuf_16)
                                                         clknet_0_clk (net)
                      0.147601    0.001435   25.351862 ^ clkbuf_4_6_0_clk/A (sky130_fd_sc_hd__clkbuf_8)
    12    0.034797    0.074246    0.186958   25.538820 ^ clkbuf_4_6_0_clk/X (sky130_fd_sc_hd__clkbuf_8)
                                                         clknet_4_6_0_clk (net)
                      0.074249    0.000561   25.539381 ^ _2796_/CLK (sky130_fd_sc_hd__dfrtp_4)
                                 -0.250000   25.289381   clock uncertainty
                                  0.000000   25.289381   clock reconvergence pessimism
                                  0.182872   25.472254   library recovery time
                                             25.472254   data required time
---------------------------------------------------------------------------------------------
                                             25.472254   data required time
                                             -6.312720   data arrival time
---------------------------------------------------------------------------------------------
                                             19.159534   slack (MET)


Startpoint: clk (clock source 'clk')
Endpoint: gpio[24] (output port clocked by clk)
Path Group: clk
Path Type: max

Fanout         Cap        Slew       Delay        Time   Description
---------------------------------------------------------------------------------------------
                                 12.500000   12.500000   clock clk (fall edge)
                                  0.000000   12.500000   clock source latency
     1    0.031150    0.070117    0.050050   12.550050 v clk (in)
                                                         clk (net)
                      0.070123    0.000000   12.550050 v clkbuf_0_clk/A (sky130_fd_sc_hd__clkbuf_16)
    16    0.126882    0.093230    0.216613   12.766663 v clkbuf_0_clk/X (sky130_fd_sc_hd__clkbuf_16)
                                                         clknet_0_clk (net)
                      0.093241    0.001070   12.767733 v clkbuf_4_8_0_clk/A (sky130_fd_sc_hd__clkbuf_8)
     9    0.038025    0.055847    0.183991   12.951724 v clkbuf_4_8_0_clk/X (sky130_fd_sc_hd__clkbuf_8)
                                                         clknet_4_8_0_clk (net)
                      0.055861    0.000920   12.952644 v _2303_/A (sky130_fd_sc_hd__and2_2)
     1    0.034438    0.104420    0.245064   13.197708 v _2303_/X (sky130_fd_sc_hd__and2_2)
                                                         gpio[24] (net)
     0    0.034438    0.104421    0.000403   13.198112 v gpio[24] (inout)
                                                         gpio[24] (net)
                                             13.198112   data arrival time

                                 25.000000   25.000000   clock clk (rise edge)
                                  0.000000   25.000000   clock network delay (propagated)
                                 -0.250000   24.750000   clock uncertainty
                                  0.000000   24.750000   clock reconvergence pessimism
                                 -5.000000   19.750000   output external delay
                                             19.750000   data required time
---------------------------------------------------------------------------------------------
                                             19.750000   data required time
                                            -13.198112   data arrival time
---------------------------------------------------------------------------------------------
                                              6.551888   slack (MET)




===========================================================================
report_checks --slack_max -0.01
============================================================================
======================= min_tt_025C_1v80 Corner ===================================

No paths found.


===========================================================================
 report_check_types -max_slew -max_cap -max_fanout -violators
============================================================================
======================= min_tt_025C_1v80 Corner ===================================

max fanout

Pin                                   Limit Fanout  Slack
---------------------------------------------------------
clkbuf_0_clk/X                           10     16     -6 (VIOLATED)
clkbuf_4_4_0_clk/X                       10     14     -4 (VIOLATED)
clkbuf_4_7_0_clk/X                       10     13     -3 (VIOLATED)
clkbuf_4_3_0_clk/X                       10     12     -2 (VIOLATED)
clkbuf_4_6_0_clk/X                       10     12     -2 (VIOLATED)



===========================================================================
report_parasitic_annotation -report_unannotated
============================================================================
Found 17 unannotated drivers.
 cs
 gpio[25]
 clkload0/Y
 clkload1/Y
 clkload10/Y
 clkload11/Y
 clkload12/Y
 clkload13/Y
 clkload14/Y
 clkload2/Y
 clkload3/Y
 clkload4/Y
 clkload5/Y
 clkload6/X
 clkload7/Y
 clkload8/Y
 clkload9/Y
Found 0 partially unannotated drivers.

===========================================================================
max slew violation count 0
max fanout violation count 5
max cap violation count 0
============================================================================

===========================================================================
check_setup -verbose -unconstrained_endpoints -multiple_clock -no_clock -no_input_delay -loops -generated_clocks
===========================================================================
Warning: There are 6 unconstrained endpoints.
  gpio[16]
  gpio[17]
  gpio[18]
  gpio[19]
  gpio[20]
  gpio[25]
