
===========================================================================
 report_power
============================================================================
======================= max_ss_100C_1v60 Corner ===================================

Group                    Internal    Switching      Leakage        Total
                            Power        Power        Power        Power (Watts)
------------------------------------------------------------------------
Sequential           2.695804e-05 5.694876e-06 1.023609e-06 3.367653e-05  25.2%
Combinational        3.114389e-05 3.703198e-05 3.848144e-06 7.202401e-05  54.0%
Clock                1.789357e-05 9.542507e-06 2.457170e-07 2.768180e-05  20.8%
Macro                0.000000e+00 0.000000e+00 0.000000e+00 0.000000e+00   0.0%
Pad                  0.000000e+00 0.000000e+00 0.000000e+00 0.000000e+00   0.0%
------------------------------------------------------------------------
Total                7.599553e-05 5.226936e-05 5.117469e-06 1.333824e-04 100.0%
                            57.0%        39.2%         3.8%

