
===========================================================================
 report_power
============================================================================
======================= nom_ff_n40C_1v95 Corner ===================================

Group                    Internal    Switching      Leakage        Total
                            Power        Power        Power        Power (Watts)
------------------------------------------------------------------------
Sequential           6.767309e-04 2.372637e-05 5.760066e-09 7.004631e-04  43.8%
Combinational        1.504248e-04 1.709561e-04 1.699240e-08 3.213980e-04  20.1%
Clock                2.852563e-04 2.911186e-04 3.678736e-09 5.763785e-04  36.1%
Macro                0.000000e+00 0.000000e+00 0.000000e+00 0.000000e+00   0.0%
Pad                  0.000000e+00 0.000000e+00 0.000000e+00 0.000000e+00   0.0%
------------------------------------------------------------------------
Total                1.112412e-03 4.858013e-04 2.643127e-08 1.598240e-03 100.0%
                            69.6%        30.4%         0.0%

