
===========================================================================
 report_power
============================================================================
======================= max_ff_n40C_1v95 Corner ===================================

Group                    Internal    Switching      Leakage        Total
                            Power        Power        Power        Power (Watts)
------------------------------------------------------------------------
Sequential           0.000000e+00 0.000000e+00 0.000000e+00 0.000000e+00   0.0%
Combinational        1.361358e-08 3.456072e-08 1.674666e-09 4.984896e-08  21.5%
Clock                6.240155e-08 1.146715e-07 4.485330e-09 1.815584e-07  78.5%
Macro                0.000000e+00 0.000000e+00 0.000000e+00 0.000000e+00   0.0%
Pad                  0.000000e+00 0.000000e+00 0.000000e+00 0.000000e+00   0.0%
------------------------------------------------------------------------
Total                7.601512e-08 1.492323e-07 6.160017e-09 2.314074e-07 100.0%
                            32.8%        64.5%         2.7%

