┏━━━━━━━━━━━━━━━━━━━━━━┳━━━━━━━━━━┳━━━━━━━━━━┳━━━━━━━━━━┳━━━━━━━━━━┳━━━━━━━━━━━┳━━━━━━━━━━┳━━━━━━━━━━━┳━━━━━━━━━━┳━━━━━━━━━━━┳━━━━━━━━━━┳━━━━━━━━━━━┳━━━━━━━━━━┓
┃                      ┃ Hold     ┃ Reg to   ┃          ┃          ┃ of which  ┃ Setup    ┃           ┃          ┃           ┃ of which ┃           ┃          ┃
┃                      ┃ Worst    ┃ Reg      ┃          ┃ Hold Vio ┃ reg to    ┃ Worst    ┃ Reg to    ┃ Setup    ┃ Setup Vio ┃ reg to   ┃ Max Cap   ┃ Max Slew ┃
┃ Corner/Group         ┃ Slack    ┃ Paths    ┃ Hold TNS ┃ Count    ┃ reg       ┃ Slack    ┃ Reg Paths ┃ TNS      ┃ Count     ┃ reg      ┃ Violatio… ┃ Violati… ┃
┡━━━━━━━━━━━━━━━━━━━━━━╇━━━━━━━━━━╇━━━━━━━━━━╇━━━━━━━━━━╇━━━━━━━━━━╇━━━━━━━━━━━╇━━━━━━━━━━╇━━━━━━━━━━━╇━━━━━━━━━━╇━━━━━━━━━━━╇━━━━━━━━━━╇━━━━━━━━━━━╇━━━━━━━━━━┩
│ Overall              │ 0.0799   │ 0.0799   │ 0.0000   │ 0        │ 0         │ 3.9282   │ 15.0696   │ 0.0000   │ 0         │ 0        │ 11        │ 2862     │
│ nom_tt_025C_1v80     │ 0.2701   │ 0.2701   │ 0.0000   │ 0        │ 0         │ 9.7688   │ N/A       │ 0.0000   │ 0         │ 0        │ 4         │ 59       │
│ nom_ss_100C_1v60     │ 0.7875   │ 0.7875   │ 0.0000   │ 0        │ 0         │ 4.3217   │ 15.1714   │ 0.0000   │ 0         │ 0        │ 4         │ 2311     │
│ nom_ff_n40C_1v95     │ 0.0835   │ 0.0835   │ 0.0000   │ 0        │ 0         │ 11.6215  │ N/A       │ 0.0000   │ 0         │ 0        │ 4         │ 0        │
│ min_tt_025C_1v80     │ 0.2651   │ 0.2651   │ 0.0000   │ 0        │ 0         │ 9.8831   │ N/A       │ 0.0000   │ 0         │ 0        │ 1         │ 32       │
│ min_ss_100C_1v60     │ 0.7831   │ 0.7831   │ 0.0000   │ 0        │ 0         │ 4.7376   │ 15.2827   │ 0.0000   │ 0         │ 0        │ 1         │ 2033     │
│ min_ff_n40C_1v95     │ 0.0799   │ 0.0799   │ 0.0000   │ 0        │ 0         │ 11.6971  │ N/A       │ 0.0000   │ 0         │ 0        │ 1         │ 0        │
│ max_tt_025C_1v80     │ 0.2803   │ 0.2803   │ 0.0000   │ 0        │ 0         │ 9.6307   │ N/A       │ 0.0000   │ 0         │ 0        │ 11        │ 150      │
│ max_ss_100C_1v60     │ 0.8068   │ 0.8068   │ 0.0000   │ 0        │ 0         │ 3.9282   │ 15.0696   │ 0.0000   │ 0         │ 0        │ 11        │ 2862     │
│ max_ff_n40C_1v95     │ 0.0909   │ 0.0909   │ 0.0000   │ 0        │ 0         │ 11.5272  │ N/A       │ 0.0000   │ 0         │ 0        │ 11        │ 0        │
└──────────────────────┴──────────┴──────────┴──────────┴──────────┴───────────┴──────────┴───────────┴──────────┴───────────┴──────────┴───────────┴──────────┘
