┏━━━━━━━━━━━━━━━━━━━━━━┳━━━━━━━━━━┳━━━━━━━━━━┳━━━━━━━━━━┳━━━━━━━━━━┳━━━━━━━━━━━┳━━━━━━━━━━┳━━━━━━━━━━━┳━━━━━━━━━━┳━━━━━━━━━━━┳━━━━━━━━━━┳━━━━━━━━━━━┳━━━━━━━━━━┓
┃                      ┃ Hold     ┃ Reg to   ┃          ┃          ┃ of which  ┃ Setup    ┃           ┃          ┃           ┃ of which ┃           ┃          ┃
┃                      ┃ Worst    ┃ Reg      ┃          ┃ Hold Vio ┃ reg to    ┃ Worst    ┃ Reg to    ┃ Setup    ┃ Setup Vio ┃ reg to   ┃ Max Cap   ┃ Max Slew ┃
┃ Corner/Group         ┃ Slack    ┃ Paths    ┃ Hold TNS ┃ Count    ┃ reg       ┃ Slack    ┃ Reg Paths ┃ TNS      ┃ Count     ┃ reg      ┃ Violatio… ┃ Violati… ┃
┡━━━━━━━━━━━━━━━━━━━━━━╇━━━━━━━━━━╇━━━━━━━━━━╇━━━━━━━━━━╇━━━━━━━━━━╇━━━━━━━━━━━╇━━━━━━━━━━╇━━━━━━━━━━━╇━━━━━━━━━━╇━━━━━━━━━━━╇━━━━━━━━━━╇━━━━━━━━━━━╇━━━━━━━━━━┩
│ Overall              │ 0.1124   │ 0.1124   │ 0.0000   │ 0        │ 0         │ -9.2843  │ N/A       │ -509.49… │ 192       │ 0        │ 0         │ 346      │
│ nom_tt_025C_1v80     │ 0.3202   │ 0.3202   │ 0.0000   │ 0        │ 0         │ 2.4856   │ N/A       │ 0.0000   │ 0         │ 0        │ 0         │ 38       │
│ nom_ss_100C_1v60     │ 0.8747   │ 0.8747   │ 0.0000   │ 0        │ 0         │ -8.7720  │ N/A       │ -479.74… │ 64        │ 0        │ 0         │ 224      │
│ nom_ff_n40C_1v95     │ 0.1164   │ 0.1164   │ 0.0000   │ 0        │ 0         │ 7.1436   │ N/A       │ 0.0000   │ 0         │ 0        │ 0         │ 0        │
│ min_tt_025C_1v80     │ 0.3151   │ 0.3151   │ 0.0000   │ 0        │ 0         │ 2.7830   │ N/A       │ 0.0000   │ 0         │ 0        │ 0         │ 14       │
│ min_ss_100C_1v60     │ 0.8662   │ 0.8662   │ 0.0000   │ 0        │ 0         │ -8.2382  │ N/A       │ -449.56… │ 64        │ 0        │ 0         │ 188      │
│ min_ff_n40C_1v95     │ 0.1124   │ 0.1124   │ 0.0000   │ 0        │ 0         │ 7.3432   │ N/A       │ 0.0000   │ 0         │ 0        │ 0         │ 0        │
│ max_tt_025C_1v80     │ 0.3268   │ 0.3268   │ 0.0000   │ 0        │ 0         │ 2.1945   │ N/A       │ 0.0000   │ 0         │ 0        │ 0         │ 62       │
│ max_ss_100C_1v60     │ 0.8844   │ 0.8844   │ 0.0000   │ 0        │ 0         │ -9.2843  │ N/A       │ -509.49… │ 64        │ 0        │ 0         │ 346      │
│ max_ff_n40C_1v95     │ 0.1211   │ 0.1211   │ 0.0000   │ 0        │ 0         │ 6.9452   │ N/A       │ 0.0000   │ 0         │ 0        │ 0         │ 0        │
└──────────────────────┴──────────┴──────────┴──────────┴──────────┴───────────┴──────────┴───────────┴──────────┴───────────┴──────────┴───────────┴──────────┘
