
===========================================================================
 report_power
============================================================================
======================= nom_ff_n40C_1v95 Corner ===================================

Group                    Internal    Switching      Leakage        Total
                            Power        Power        Power        Power (Watts)
------------------------------------------------------------------------
Sequential           0.000000e+00 0.000000e+00 0.000000e+00 0.000000e+00   0.0%
Combinational        1.362009e-08 3.322150e-08 1.674666e-09 4.851626e-08  21.4%
Clock                6.236851e-08 1.117848e-07 4.485330e-09 1.786386e-07  78.6%
Macro                0.000000e+00 0.000000e+00 0.000000e+00 0.000000e+00   0.0%
Pad                  0.000000e+00 0.000000e+00 0.000000e+00 0.000000e+00   0.0%
------------------------------------------------------------------------
Total                7.598860e-08 1.450063e-07 6.160017e-09 2.271550e-07 100.0%
                            33.5%        63.8%         2.7%

