
===========================================================================
 report_power
============================================================================
======================= nom_ff_n40C_1v95 Corner ===================================

Group                    Internal    Switching      Leakage        Total
                            Power        Power        Power        Power (Watts)
------------------------------------------------------------------------
Sequential           0.000000e+00 0.000000e+00 0.000000e+00 0.000000e+00   0.0%
Combinational        2.758737e-08 7.543456e-08 2.768268e-09 1.057902e-07  35.8%
Clock                6.245677e-08 1.215091e-07 5.344816e-09 1.893106e-07  64.2%
Macro                0.000000e+00 0.000000e+00 0.000000e+00 0.000000e+00   0.0%
Pad                  0.000000e+00 0.000000e+00 0.000000e+00 0.000000e+00   0.0%
------------------------------------------------------------------------
Total                9.004415e-08 1.969436e-07 8.113066e-09 2.951008e-07 100.0%
                            30.5%        66.7%         2.7%

