Clock: clk
Sources: clk 
Generated: no
Virtual: yes
Propagated: no
Period: 10000.000000

===========================================================================
report_clock_properties
============================================================================
Clock                   Period          Waveform
----------------------------------------------------
clk                 10000.000000    0.0000005000.000000

===========================================================================
report_clock_latency
============================================================================
Clock clk
rise -> rise
    min     max
0.000000 0.000000 source latency
0.335257         network latency cell0/clk
        0.313037 network latency cell3/clk
---------------
0.335257 0.313037 latency
        -0.022220 skew

fall -> fall
    min     max
0.000000 0.000000 source latency
0.292403         network latency cell0/clk
        0.276486 network latency cell3/clk
---------------
0.292403 0.276486 latency
        -0.015916 skew



===========================================================================
report_clock_min_period
============================================================================
clk period_min = 2.20 fmax = 454.16
