
===========================================================================
 report_power
============================================================================
======================= min_ff_n40C_1v95 Corner ===================================

Group                    Internal    Switching      Leakage        Total
                            Power        Power        Power        Power (Watts)
------------------------------------------------------------------------
Sequential           0.000000e+00 0.000000e+00 0.000000e+00 0.000000e+00   0.0%
Combinational        2.004977e-08 9.497242e-08 2.282148e-09 1.173043e-07  39.3%
Clock                6.230088e-08 1.150607e-07 3.706221e-09 1.810678e-07  60.7%
Macro                0.000000e+00 0.000000e+00 0.000000e+00 0.000000e+00   0.0%
Pad                  0.000000e+00 0.000000e+00 0.000000e+00 0.000000e+00   0.0%
------------------------------------------------------------------------
Total                8.235063e-08 2.100331e-07 5.988379e-09 2.983721e-07 100.0%
                            27.6%        70.4%         2.0%

