
===========================================================================
 report_power
============================================================================
======================= min_ff_n40C_1v95 Corner ===================================

Group                    Internal    Switching      Leakage        Total
                            Power        Power        Power        Power (Watts)
------------------------------------------------------------------------
Sequential           6.180796e-05 1.357266e-06 2.200211e-08 6.318722e-05  45.7%
Combinational        8.355632e-06 1.193129e-05 5.263475e-08 2.033956e-05  14.7%
Clock                2.807357e-05 2.659659e-05 1.898897e-08 5.468915e-05  39.6%
Macro                0.000000e+00 0.000000e+00 0.000000e+00 0.000000e+00   0.0%
Pad                  0.000000e+00 0.000000e+00 0.000000e+00 0.000000e+00   0.0%
------------------------------------------------------------------------
Total                9.823724e-05 3.988509e-05 9.362460e-08 1.382160e-04 100.0%
                            71.1%        28.9%         0.1%

