
===========================================================================
 report_power
============================================================================
======================= max_tt_025C_1v80 Corner ===================================

Group                    Internal    Switching      Leakage        Total
                            Power        Power        Power        Power (Watts)
------------------------------------------------------------------------
Sequential           5.393794e-04 1.386718e-14 4.366452e-09 5.393838e-04  49.3%
Combinational        6.867891e-06 2.588882e-05 8.240744e-09 3.276496e-05   3.0%
Clock                2.500158e-04 2.708455e-04 6.872938e-09 5.208682e-04  47.7%
Macro                0.000000e+00 0.000000e+00 0.000000e+00 0.000000e+00   0.0%
Pad                  0.000000e+00 0.000000e+00 0.000000e+00 0.000000e+00   0.0%
------------------------------------------------------------------------
Total                7.962629e-04 2.967342e-04 1.948022e-08 1.093017e-03 100.0%
                            72.9%        27.1%         0.0%

