
===========================================================================
 report_power
============================================================================
======================= nom_tt_025C_1v80 Corner ===================================

Group                    Internal    Switching      Leakage        Total
                            Power        Power        Power        Power (Watts)
------------------------------------------------------------------------
Sequential           6.187312e-05 4.598274e-06 4.708142e-10 6.647187e-05  11.9%
Combinational        1.827116e-04 2.456007e-04 2.622632e-09 4.283150e-04  76.6%
Clock                3.921971e-05 2.479244e-05 1.823019e-09 6.401398e-05  11.5%
Macro                0.000000e+00 0.000000e+00 0.000000e+00 0.000000e+00   0.0%
Pad                  0.000000e+00 0.000000e+00 0.000000e+00 0.000000e+00   0.0%
------------------------------------------------------------------------
Total                2.838043e-04 2.749915e-04 4.916459e-09 5.588008e-04 100.0%
                            50.8%        49.2%         0.0%

