Clock: clk
Sources: clk 
Generated: no
Virtual: yes
Propagated: no
Period: 100.000000

===========================================================================
report_clock_properties
============================================================================
Clock                   Period          Waveform
----------------------------------------------------
clk                 100.000000    0.000000 50.000000

===========================================================================
report_clock_latency
============================================================================
Clock clk
rise -> rise
    min     max
0.000000 0.000000 source latency
0.658559         network latency _2858_/CLK
        20.476904 network latency _2810_/CLK
---------------
0.658559 20.476904 latency
        19.818344 skew

rise -> fall
    min     max
0.000000 0.000000 source latency
1.197377         network latency _2788_/CLK
        20.394903 network latency _2810_/CLK
---------------
1.197377 20.394903 latency
        19.197525 skew

fall -> fall
    min     max
0.000000 0.000000 source latency
0.584937         network latency _2858_/CLK
        0.616069 network latency _2791_/CLK
---------------
0.584937 0.616069 latency
        0.031132 skew



===========================================================================
report_clock_min_period
============================================================================
clk period_min = 2.90 fmax = 344.65
