
===========================================================================
 report_power
============================================================================
======================= nom_tt_025C_1v80 Corner ===================================

Group                    Internal    Switching      Leakage        Total
                            Power        Power        Power        Power (Watts)
------------------------------------------------------------------------
Sequential           1.431170e-04 1.187830e-05 3.789955e-09 1.549991e-04  43.1%
Combinational        4.202211e-05 4.718090e-05 7.574537e-09 8.921058e-05  24.8%
Clock                6.014076e-05 5.561400e-05 1.612775e-09 1.157564e-04  32.2%
Macro                0.000000e+00 0.000000e+00 0.000000e+00 0.000000e+00   0.0%
Pad                  0.000000e+00 0.000000e+00 0.000000e+00 0.000000e+00   0.0%
------------------------------------------------------------------------
Total                2.452798e-04 1.146732e-04 1.297730e-08 3.599659e-04 100.0%
                            68.1%        31.9%         0.0%

