
===========================================================================
 report_power
============================================================================
======================= nom_ff_n40C_1v95 Corner ===================================

Group                    Internal    Switching      Leakage        Total
                            Power        Power        Power        Power (Watts)
------------------------------------------------------------------------
Sequential           6.763983e-04 3.259522e-05 5.764114e-09 7.089993e-04  42.4%
Combinational        1.567410e-04 2.101975e-04 1.782584e-08 3.669563e-04  22.0%
Clock                2.841318e-04 3.115059e-04 3.328021e-09 5.956411e-04  35.6%
Macro                0.000000e+00 0.000000e+00 0.000000e+00 0.000000e+00   0.0%
Pad                  0.000000e+00 0.000000e+00 0.000000e+00 0.000000e+00   0.0%
------------------------------------------------------------------------
Total                1.117270e-03 5.542990e-04 2.691802e-08 1.671596e-03 100.0%
                            66.8%        33.2%         0.0%

