
===========================================================================
report_checks -unconstrained
===========================================================================
======================= nom_tt_025C_1v80 Corner ===================================

Startpoint: _1651_ (rising edge-triggered flip-flop clocked by CLK_10MHZ)
Endpoint: D0_SEG[4] (output port clocked by CLK_10MHZ)
Path Group: CLK_10MHZ
Path Type: max

Fanout         Cap        Slew       Delay        Time   Description
---------------------------------------------------------------------------------------------
                                  0.000000    0.000000   clock CLK_10MHZ (rise edge)
                                  0.000000    0.000000   clock source latency
     1    0.022138    0.105334    0.072864    0.072864 ^ CLK_10MHZ (in)
                                                         CLK_10MHZ (net)
                      0.105367    0.000000    0.072864 ^ clkbuf_0_CLK_10MHZ/A (sky130_fd_sc_hd__clkbuf_16)
     8    0.082646    0.099217    0.194617    0.267481 ^ clkbuf_0_CLK_10MHZ/X (sky130_fd_sc_hd__clkbuf_16)
                                                         clknet_0_CLK_10MHZ (net)
                      0.099375    0.002681    0.270162 ^ clkbuf_3_2__f_CLK_10MHZ/A (sky130_fd_sc_hd__clkbuf_16)
    10    0.033647    0.054178    0.156923    0.427085 ^ clkbuf_3_2__f_CLK_10MHZ/X (sky130_fd_sc_hd__clkbuf_16)
                                                         clknet_3_2__leaf_CLK_10MHZ (net)
                      0.054196    0.001054    0.428138 ^ _1651_/CLK (sky130_fd_sc_hd__dfxtp_1)
    10    0.027678    0.262251    0.463455    0.891594 ^ _1651_/Q (sky130_fd_sc_hd__dfxtp_1)
                                                         bcd_num[5] (net)
                      0.262251    0.000820    0.892414 ^ _0813_/C_N (sky130_fd_sc_hd__or4bb_1)
     3    0.009629    0.121919    0.567074    1.459487 v _0813_/X (sky130_fd_sc_hd__or4bb_1)
                                                         _0083_ (net)
                      0.121919    0.000300    1.459788 v _0822_/C1 (sky130_fd_sc_hd__o311a_1)
     2    0.005929    0.066242    0.150479    1.610267 v _0822_/X (sky130_fd_sc_hd__o311a_1)
                                                         _0090_ (net)
                      0.066242    0.000180    1.610447 v _0826_/B2 (sky130_fd_sc_hd__a32o_1)
     1    0.006215    0.056203    0.234483    1.844929 v _0826_/X (sky130_fd_sc_hd__a32o_1)
                                                         net11 (net)
                      0.056203    0.000242    1.845172 v output11/A (sky130_fd_sc_hd__buf_2)
     1    0.034120    0.089166    0.184686    2.029858 v output11/X (sky130_fd_sc_hd__buf_2)
                                                         D0_SEG[4] (net)
                      0.089171    0.000706    2.030564 v D0_SEG[4] (out)
                                              2.030564   data arrival time

                                100.000000  100.000000   clock CLK_10MHZ (rise edge)
                                  0.000000  100.000000   clock network delay (propagated)
                                 -0.250000   99.750000   clock uncertainty
                                  0.000000   99.750000   clock reconvergence pessimism
                                -20.000000   79.750000   output external delay
                                             79.750000   data required time
---------------------------------------------------------------------------------------------
                                             79.750000   data required time
                                             -2.030564   data arrival time
---------------------------------------------------------------------------------------------
                                             77.719437   slack (MET)




===========================================================================
report_checks --slack_max -0.01
============================================================================
======================= nom_tt_025C_1v80 Corner ===================================

No paths found.


===========================================================================
 report_check_types -max_slew -max_cap -max_fanout -violators
============================================================================
======================= nom_tt_025C_1v80 Corner ===================================

max fanout

Pin                                   Limit Fanout  Slack
---------------------------------------------------------
clkbuf_3_7__f_CLK_10MHZ/X                10     13     -3 (VIOLATED)
clkbuf_3_3__f_CLK_10MHZ/X                10     11        (VIOLATED)
clkbuf_3_6__f_CLK_10MHZ/X                10     11        (VIOLATED)



===========================================================================
report_parasitic_annotation -report_unannotated
============================================================================
Found 10 unannotated drivers.
 clkload0/Y
 clkload1/Y
 clkload2/Y
 clkload3/Y
 clkload4/Y
 clkload5/Y
 clkload6/Y
 intro_2_stopwatch_52/LO
 intro_2_stopwatch_53/LO
 intro_2_stopwatch_54/LO
Found 0 partially unannotated drivers.

===========================================================================
max slew violation count 0
max fanout violation count 3
max cap violation count 0
============================================================================

===========================================================================
check_setup -verbose -unconstrained_endpoints -multiple_clock -no_clock -no_input_delay -loops -generated_clocks
===========================================================================
Warning: There are 3 unconstrained endpoints.
  D0_AN_2
  D0_AN_3
  D0_SEG[7]
