
===========================================================================
 report_power
============================================================================
======================= nom_tt_025C_1v80 Corner ===================================

Group                    Internal    Switching      Leakage        Total
                            Power        Power        Power        Power (Watts)
------------------------------------------------------------------------
Sequential           3.449338e-05 7.068867e-06 5.963453e-10 4.156285e-05  26.0%
Combinational        3.831702e-05 4.595235e-05 3.192360e-09 8.427257e-05  52.8%
Clock                2.182642e-05 1.206215e-05 2.077148e-09 3.389065e-05  21.2%
Macro                0.000000e+00 0.000000e+00 0.000000e+00 0.000000e+00   0.0%
Pad                  0.000000e+00 0.000000e+00 0.000000e+00 0.000000e+00   0.0%
------------------------------------------------------------------------
Total                9.463681e-05 6.508336e-05 5.865855e-09 1.597260e-04 100.0%
                            59.2%        40.7%         0.0%

