Clock: clk
Sources: clk 
Generated: no
Virtual: yes
Propagated: no
Period: 10000.000000

===========================================================================
report_clock_properties
============================================================================
Clock                   Period          Waveform
----------------------------------------------------
clk                 10000.000000    0.0000005000.000000

===========================================================================
report_clock_latency
============================================================================
Clock clk
rise -> rise
    min     max
0.000000 0.000000 source latency
0.491573         network latency cell0/clk
        0.461502 network latency cell3/clk
---------------
0.491573 0.461502 latency
        -0.030070 skew

fall -> fall
    min     max
0.000000 0.000000 source latency
0.433374         network latency cell0/clk
        0.411546 network latency cell3/clk
---------------
0.433374 0.411546 latency
        -0.021828 skew



===========================================================================
report_clock_min_period
============================================================================
clk period_min = 2.25 fmax = 444.25
