
===========================================================================
 report_power
============================================================================
======================= nom_tt_025C_1v80 Corner ===================================

Group                    Internal    Switching      Leakage        Total
                            Power        Power        Power        Power (Watts)
------------------------------------------------------------------------
Sequential           0.000000e+00 0.000000e+00 0.000000e+00 0.000000e+00   0.0%
Combinational        2.458986e-08 6.432865e-08 1.265429e-09 9.018394e-08  35.6%
Clock                5.484020e-08 1.037666e-07 4.428439e-09 1.630353e-07  64.4%
Macro                0.000000e+00 0.000000e+00 0.000000e+00 0.000000e+00   0.0%
Pad                  0.000000e+00 0.000000e+00 0.000000e+00 0.000000e+00   0.0%
------------------------------------------------------------------------
Total                7.943005e-08 1.680953e-07 5.693869e-09 2.532192e-07 100.0%
                            31.4%        66.4%         2.2%

