
===========================================================================
 report_power
============================================================================
======================= min_tt_025C_1v80 Corner ===================================

Group                    Internal    Switching      Leakage        Total
                            Power        Power        Power        Power (Watts)
------------------------------------------------------------------------
Sequential           0.000000e+00 0.000000e+00 0.000000e+00 0.000000e+00   0.0%
Combinational        1.229404e-08 2.695657e-08 9.056354e-10 4.015624e-08  21.1%
Clock                5.487512e-08 9.192580e-08 3.695997e-09 1.504969e-07  78.9%
Macro                0.000000e+00 0.000000e+00 0.000000e+00 0.000000e+00   0.0%
Pad                  0.000000e+00 0.000000e+00 0.000000e+00 0.000000e+00   0.0%
------------------------------------------------------------------------
Total                6.716917e-08 1.188824e-07 4.601626e-09 1.906532e-07 100.0%
                            35.2%        62.4%         2.4%

