
===========================================================================
 report_power
============================================================================
======================= min_tt_025C_1v80 Corner ===================================

Group                    Internal    Switching      Leakage        Total
                            Power        Power        Power        Power (Watts)
------------------------------------------------------------------------
Sequential           5.321420e-05 1.135472e-06 1.547722e-08 5.436515e-05  45.8%
Combinational        7.467470e-06 1.004120e-05 3.226224e-08 1.754093e-05  14.8%
Clock                2.459264e-05 2.228771e-05 1.009202e-08 4.689045e-05  39.5%
Macro                0.000000e+00 0.000000e+00 0.000000e+00 0.000000e+00   0.0%
Pad                  0.000000e+00 0.000000e+00 0.000000e+00 0.000000e+00   0.0%
------------------------------------------------------------------------
Total                8.527376e-05 3.346431e-05 5.783141e-08 1.187959e-04 100.0%
                            71.8%        28.2%         0.0%

