
===========================================================================
 report_power
============================================================================
======================= max_ff_n40C_1v95 Corner ===================================

Group                    Internal    Switching      Leakage        Total
                            Power        Power        Power        Power (Watts)
------------------------------------------------------------------------
Sequential           1.660622e-04 1.496984e-05 5.406017e-09 1.810375e-04  42.5%
Combinational        4.739832e-05 5.933384e-05 1.242135e-08 1.067446e-04  25.1%
Clock                6.869218e-05 6.921964e-05 3.642074e-09 1.379155e-04  32.4%
Macro                0.000000e+00 0.000000e+00 0.000000e+00 0.000000e+00   0.0%
Pad                  0.000000e+00 0.000000e+00 0.000000e+00 0.000000e+00   0.0%
------------------------------------------------------------------------
Total                2.821526e-04 1.435234e-04 2.146959e-08 4.256975e-04 100.0%
                            66.3%        33.7%         0.0%

